Archive member included to satisfy reference by file (symbol)

/tmp/arduino-sketch-1C934003A53569F488A841265C42452E/core/core.a(cortex_handlers.c.o)
                              (Reset_Handler)
/tmp/arduino-sketch-1C934003A53569F488A841265C42452E/core/core.a(delay.c.o)
                              /tmp/arduino-sketch-1C934003A53569F488A841265C42452E/libraries/ArduinoRS485/RS485.cpp.o (delay)
/tmp/arduino-sketch-1C934003A53569F488A841265C42452E/core/core.a(hooks.c.o)
                              /tmp/arduino-sketch-1C934003A53569F488A841265C42452E/core/core.a(delay.c.o) (yield)
/tmp/arduino-sketch-1C934003A53569F488A841265C42452E/core/core.a(startup.c.o)
                              /tmp/arduino-sketch-1C934003A53569F488A841265C42452E/core/core.a(cortex_handlers.c.o) (SystemInit)
/tmp/arduino-sketch-1C934003A53569F488A841265C42452E/core/core.a(wiring.c.o)
                              /tmp/arduino-sketch-1C934003A53569F488A841265C42452E/core/core.a(startup.c.o) (SystemCoreClock)
/tmp/arduino-sketch-1C934003A53569F488A841265C42452E/core/core.a(wiring_analog.c.o)
                              /tmp/arduino-sketch-1C934003A53569F488A841265C42452E/core/core.a(wiring.c.o) (analogReference)
/tmp/arduino-sketch-1C934003A53569F488A841265C42452E/core/core.a(wiring_digital.c.o)
                              /tmp/arduino-sketch-1C934003A53569F488A841265C42452E/libraries/ArduinoRS485/RS485.cpp.o (pinMode)
/tmp/arduino-sketch-1C934003A53569F488A841265C42452E/core/core.a(wiring_private.c.o)
                              /tmp/arduino-sketch-1C934003A53569F488A841265C42452E/core/core.a(wiring_analog.c.o) (pinPeripheral)
/tmp/arduino-sketch-1C934003A53569F488A841265C42452E/core/core.a(Print.cpp.o)
                              /tmp/arduino-sketch-1C934003A53569F488A841265C42452E/sketch/tt485.ino.cpp.o (Print::write(unsigned char const*, unsigned int))
/tmp/arduino-sketch-1C934003A53569F488A841265C42452E/core/core.a(Reset.cpp.o)
                              /tmp/arduino-sketch-1C934003A53569F488A841265C42452E/core/core.a(delay.c.o) (tickReset)
/tmp/arduino-sketch-1C934003A53569F488A841265C42452E/core/core.a(SERCOM.cpp.o)
                              /tmp/arduino-sketch-1C934003A53569F488A841265C42452E/core/variant.cpp.o (SERCOM::SERCOM(Sercom*))
/tmp/arduino-sketch-1C934003A53569F488A841265C42452E/core/core.a(CDC.cpp.o)
                              /tmp/arduino-sketch-1C934003A53569F488A841265C42452E/sketch/tt485.ino.cpp.o (Serial_::available())
/tmp/arduino-sketch-1C934003A53569F488A841265C42452E/core/core.a(PluggableUSB.cpp.o)
                              /tmp/arduino-sketch-1C934003A53569F488A841265C42452E/core/core.a(CDC.cpp.o) (PluggableUSB_::plug(PluggableUSBModule*))
/tmp/arduino-sketch-1C934003A53569F488A841265C42452E/core/core.a(USBCore.cpp.o)
                              /tmp/arduino-sketch-1C934003A53569F488A841265C42452E/core/core.a(CDC.cpp.o) (usbd)
/tmp/arduino-sketch-1C934003A53569F488A841265C42452E/core/core.a(Uart.cpp.o)
                              /tmp/arduino-sketch-1C934003A53569F488A841265C42452E/core/variant.cpp.o (Uart::Uart(SERCOM*, unsigned char, unsigned char, SercomRXPad, SercomUartTXPad))
/tmp/arduino-sketch-1C934003A53569F488A841265C42452E/core/core.a(abi.cpp.o)
                              /tmp/arduino-sketch-1C934003A53569F488A841265C42452E/core/core.a(Print.cpp.o) (__cxa_pure_virtual)
/tmp/arduino-sketch-1C934003A53569F488A841265C42452E/core/core.a(main.cpp.o)
                              /home/pi/.arduino15/packages/arduino/tools/arm-none-eabi-gcc/7-2017q4/bin/../lib/gcc/arm-none-eabi/7.2.1/../../../../arm-none-eabi/lib/thumb/v6-m/crt0.o (main)
/tmp/arduino-sketch-1C934003A53569F488A841265C42452E/core/core.a(new.cpp.o)
                              /tmp/arduino-sketch-1C934003A53569F488A841265C42452E/core/core.a(USBCore.cpp.o) (operator new(unsigned int))
/home/pi/.arduino15/packages/arduino/tools/arm-none-eabi-gcc/7-2017q4/bin/../lib/gcc/arm-none-eabi/7.2.1/thumb/v6-m/libgcc.a(_thumb1_case_uqi.o)
                              /tmp/arduino-sketch-1C934003A53569F488A841265C42452E/core/core.a(wiring_analog.c.o) (__gnu_thumb1_case_uqi)
/home/pi/.arduino15/packages/arduino/tools/arm-none-eabi-gcc/7-2017q4/bin/../lib/gcc/arm-none-eabi/7.2.1/thumb/v6-m/libgcc.a(_udivsi3.o)
                              /tmp/arduino-sketch-1C934003A53569F488A841265C42452E/libraries/ArduinoRS485/RS485.cpp.o (__aeabi_uidiv)
/home/pi/.arduino15/packages/arduino/tools/arm-none-eabi-gcc/7-2017q4/bin/../lib/gcc/arm-none-eabi/7.2.1/thumb/v6-m/libgcc.a(_divsi3.o)
                              /tmp/arduino-sketch-1C934003A53569F488A841265C42452E/core/core.a(SERCOM.cpp.o) (__aeabi_idiv)
/home/pi/.arduino15/packages/arduino/tools/arm-none-eabi-gcc/7-2017q4/bin/../lib/gcc/arm-none-eabi/7.2.1/thumb/v6-m/libgcc.a(_dvmd_tls.o)
                              /home/pi/.arduino15/packages/arduino/tools/arm-none-eabi-gcc/7-2017q4/bin/../lib/gcc/arm-none-eabi/7.2.1/thumb/v6-m/libgcc.a(_udivsi3.o) (__aeabi_idiv0)
[...]
Memory Configuration

Name             Origin             Length             Attributes
FLASH            0x00002000         0x0003e000         xr
RAM              0x20000000         0x00008000         xrw
*default*        0x00000000         0xffffffff

Linker script and memory map

LOAD /home/pi/.arduino15/packages/arduino/tools/arm-none-eabi-gcc/7-2017q4/bin/../lib/gcc/arm-none-eabi/7.2.1/thumb/v6-m/crti.o
LOAD /home/pi/.arduino15/packages/arduino/tools/arm-none-eabi-gcc/7-2017q4/bin/../lib/gcc/arm-none-eabi/7.2.1/thumb/v6-m/crtbegin.o
LOAD /home/pi/.arduino15/packages/arduino/tools/arm-none-eabi-gcc/7-2017q4/bin/../lib/gcc/arm-none-eabi/7.2.1/../../../../arm-none-eabi/lib/thumb/v6-m/crt0.o
LOAD /tmp/arduino-sketch-1C934003A53569F488A841265C42452E/sketch/tt485.ino.cpp.o
LOAD /tmp/arduino-sketch-1C934003A53569F488A841265C42452E/libraries/ArduinoRS485/RS485.cpp.o
LOAD /tmp/arduino-sketch-1C934003A53569F488A841265C42452E/core/variant.cpp.o
START GROUP
LOAD /home/pi/.arduino15/packages/arduino/tools/CMSIS/4.5.0/CMSIS/Lib/GCC//libarm_cortexM0l_math.a
LOAD /tmp/arduino-sketch-1C934003A53569F488A841265C42452E/core/core.a
END GROUP
LOAD /home/pi/.arduino15/packages/arduino/tools/arm-none-eabi-gcc/7-2017q4/bin/../lib/gcc/arm-none-eabi/7.2.1/../../../../arm-none-eabi/lib/thumb/v6-m/libstdc++_nano.a
LOAD /home/pi/.arduino15/packages/arduino/tools/arm-none-eabi-gcc/7-2017q4/bin/../lib/gcc/arm-none-eabi/7.2.1/../../../../arm-none-eabi/lib/thumb/v6-m/libm.a
START GROUP
LOAD /home/pi/.arduino15/packages/arduino/tools/arm-none-eabi-gcc/7-2017q4/bin/../lib/gcc/arm-none-eabi/7.2.1/thumb/v6-m/libgcc.a
LOAD /home/pi/.arduino15/packages/arduino/tools/arm-none-eabi-gcc/7-2017q4/bin/../lib/gcc/arm-none-eabi/7.2.1/../../../../arm-none-eabi/lib/thumb/v6-m/libc_nano.a
END GROUP
START GROUP
LOAD /home/pi/.arduino15/packages/arduino/tools/arm-none-eabi-gcc/7-2017q4/bin/../lib/gcc/arm-none-eabi/7.2.1/thumb/v6-m/libgcc.a
LOAD /home/pi/.arduino15/packages/arduino/tools/arm-none-eabi-gcc/7-2017q4/bin/../lib/gcc/arm-none-eabi/7.2.1/../../../../arm-none-eabi/lib/thumb/v6-m/libc_nano.a
LOAD /home/pi/.arduino15/packages/arduino/tools/arm-none-eabi-gcc/7-2017q4/bin/../lib/gcc/arm-none-eabi/7.2.1/../../../../arm-none-eabi/lib/thumb/v6-m/libnosys.a
END GROUP
START GROUP
LOAD /home/pi/.arduino15/packages/arduino/tools/arm-none-eabi-gcc/7-2017q4/bin/../lib/gcc/arm-none-eabi/7.2.1/thumb/v6-m/libgcc.a
LOAD /home/pi/.arduino15/packages/arduino/tools/arm-none-eabi-gcc/7-2017q4/bin/../lib/gcc/arm-none-eabi/7.2.1/../../../../arm-none-eabi/lib/thumb/v6-m/libc_nano.a
LOAD /home/pi/.arduino15/packages/arduino/tools/arm-none-eabi-gcc/7-2017q4/bin/../lib/gcc/arm-none-eabi/7.2.1/../../../../arm-none-eabi/lib/thumb/v6-m/libnosys.a
END GROUP
LOAD /home/pi/.arduino15/packages/arduino/tools/arm-none-eabi-gcc/7-2017q4/bin/../lib/gcc/arm-none-eabi/7.2.1/thumb/v6-m/crtend.o
LOAD /home/pi/.arduino15/packages/arduino/tools/arm-none-eabi-gcc/7-2017q4/bin/../lib/gcc/arm-none-eabi/7.2.1/thumb/v6-m/crtn.o

.text           0x00002000     0x3568
                0x00002000                __text_start__ = .
 *(.sketch_boot)
                0x00002000                . = ALIGN (0x2000)
 *(.isr_vector)
 .isr_vector    0x00002000       0xb4 /tmp/arduino-sketch-1C934003A53569F488A841265C42452E/core/core.a(cortex_handlers.c.o)
                0x00002000                exception_table
 *(.text*)
 .text          0x000020b4       0x48 /home/pi/.arduino15/packages/arduino/tools/arm-none-eabi-gcc/7-2017q4/bin/../lib/gcc/arm-none-eabi/7.2.1/thumb/v6-m/crtbegin.o
 .text._Z7hex2binPcS_
                0x000020fc       0x46 /tmp/arduino-sketch-1C934003A53569F488A841265C42452E/sketch/tt485.ino.cpp.o
                0x000020fc                hex2bin(char*, char*)
 *fill*         0x00002142        0x2 
 .text.setup    0x00002144       0x3c /tmp/arduino-sketch-1C934003A53569F488A841265C42452E/sketch/tt485.ino.cpp.o
                0x00002144                setup
 .text.loop     0x00002180       0xcc /tmp/arduino-sketch-1C934003A53569F488A841265C42452E/sketch/tt485.ino.cpp.o
                0x00002180                loop
 .text._ZN5Print17availableForWriteEv
                0x0000224c        0x4 /tmp/arduino-sketch-1C934003A53569F488A841265C42452E/libraries/ArduinoRS485/RS485.cpp.o
                0x0000224c                Print::availableForWrite()
 .text._ZN10RS485Class5beginEm
                0x00002250       0x10 /tmp/arduino-sketch-1C934003A53569F488A841265C42452E/libraries/ArduinoRS485/RS485.cpp.o
                0x00002250                RS485Class::begin(unsigned long)
 .text._ZN10RS485Class9availableEv
                0x00002260        0xc /tmp/arduino-sketch-1C934003A53569F488A841265C42452E/libraries/ArduinoRS485/RS485.cpp.o
                0x00002260                RS485Class::available()
 .text._ZN10RS485Class4peekEv
                0x0000226c        0xc /tmp/arduino-sketch-1C934003A53569F488A841265C42452E/libraries/ArduinoRS485/RS485.cpp.o
                0x0000226c                RS485Class::peek()
 .text._ZN10RS485Class4readEv
                0x00002278        0xc /tmp/arduino-sketch-1C934003A53569F488A841265C42452E/libraries/ArduinoRS485/RS485.cpp.o
                0x00002278                RS485Class::read()
 .text._ZN10RS485Class5flushEv
                0x00002284        0xc /tmp/arduino-sketch-1C934003A53569F488A841265C42452E/libraries/ArduinoRS485/RS485.cpp.o
                0x00002284                RS485Class::flush()
 .text._ZN10RS485ClasscvbEv
                0x00002290        0x4 /tmp/arduino-sketch-1C934003A53569F488A841265C42452E/libraries/ArduinoRS485/RS485.cpp.o
                0x00002290                RS485Class::operator bool()
 .text._ZN10RS485Class5beginEmt
                0x00002294       0x48 /tmp/arduino-sketch-1C934003A53569F488A841265C42452E/libraries/ArduinoRS485/RS485.cpp.o
                0x00002294                RS485Class::begin(unsigned long, unsigned short)
 .text._ZN10RS485Class3endEv
                0x000022dc       0x36 /tmp/arduino-sketch-1C934003A53569F488A841265C42452E/libraries/ArduinoRS485/RS485.cpp.o
                0x000022dc                RS485Class::end()
 .text._ZN10RS485Class5writeEh
                0x00002312       0x1c /tmp/arduino-sketch-1C934003A53569F488A841265C42452E/libraries/ArduinoRS485/RS485.cpp.o
                0x00002312                RS485Class::write(unsigned char)
 .text._ZN10RS485Class17beginTransmissionEv
                0x0000232e       0x20 /tmp/arduino-sketch-1C934003A53569F488A841265C42452E/libraries/ArduinoRS485/RS485.cpp.o
                0x0000232e                RS485Class::beginTransmission()
 .text._ZN10RS485Class15endTransmissionEv
                0x0000234e       0x28 /tmp/arduino-sketch-1C934003A53569F488A841265C42452E/libraries/ArduinoRS485/RS485.cpp.o
                0x0000234e                RS485Class::endTransmission()
 .text._ZN10RS485Class7receiveEv
                0x00002376       0x10 /tmp/arduino-sketch-1C934003A53569F488A841265C42452E/libraries/ArduinoRS485/RS485.cpp.o
                0x00002376                RS485Class::receive()
 .text._ZN10RS485Class9noReceiveEv
                0x00002386       0x10 /tmp/arduino-sketch-1C934003A53569F488A841265C42452E/libraries/ArduinoRS485/RS485.cpp.o
                0x00002386                RS485Class::noReceive()
 *fill*         0x00002396        0x2 
 .text.startup._GLOBAL__sub_I__ZN10RS485ClassC2ER14HardwareSerialiii
                0x00002398       0x34 /tmp/arduino-sketch-1C934003A53569F488A841265C42452E/libraries/ArduinoRS485/RS485.cpp.o
 .text.SERCOM5_Handler
                0x000023cc       0x10 /tmp/arduino-sketch-1C934003A53569F488A841265C42452E/core/variant.cpp.o
                0x000023cc                SERCOM5_Handler
 .text.startup._GLOBAL__sub_I_g_APinDescription
                0x000023dc       0x80 /tmp/arduino-sketch-1C934003A53569F488A841265C42452E/core/variant.cpp.o
 .text.Dummy_Handler
                0x0000245c        0x2 /tmp/arduino-sketch-1C934003A53569F488A841265C42452E/core/core.a(cortex_handlers.c.o)
                0x0000245c                DMAC_Handler
                0x0000245c                HardFault_Handler
                0x0000245c                AC_Handler
                0x0000245c                PendSV_Handler
                0x0000245c                NMI_Handler
                0x0000245c                TC7_Handler
                0x0000245c                SERCOM1_Handler
                0x0000245c                ADC_Handler
                0x0000245c                TCC1_Handler
                0x0000245c                SERCOM2_Handler
                0x0000245c                TCC0_Handler
                0x0000245c                RTC_Handler
                0x0000245c                EIC_Handler
                0x0000245c                TC6_Handler
                0x0000245c                WDT_Handler
                0x0000245c                TC4_Handler
                0x0000245c                TC3_Handler
                0x0000245c                Dummy_Handler
                0x0000245c                PM_Handler
                0x0000245c                SVC_Handler
                0x0000245c                TCC2_Handler
                0x0000245c                EVSYS_Handler
                0x0000245c                SERCOM3_Handler
                0x0000245c                SERCOM4_Handler
                0x0000245c                I2S_Handler
                0x0000245c                NVMCTRL_Handler
                0x0000245c                SERCOM0_Handler
                0x0000245c                DAC_Handler
                0x0000245c                PTC_Handler
                0x0000245c                SYSCTRL_Handler
 *fill*         0x0000245e        0x2 
 .text.USB_Handler
                0x00002460       0x14 /tmp/arduino-sketch-1C934003A53569F488A841265C42452E/core/core.a(cortex_handlers.c.o)
                0x00002460                USB_Handler
 .text.Reset_Handler
                0x00002474       0x54 /tmp/arduino-sketch-1C934003A53569F488A841265C42452E/core/core.a(cortex_handlers.c.o)
                0x00002474                Reset_Handler
 .text.SysTick_Handler
                0x000024c8       0x10 /tmp/arduino-sketch-1C934003A53569F488A841265C42452E/core/core.a(cortex_handlers.c.o)
                0x000024c8                SysTick_Handler
 .text.USB_SetHandler
                0x000024d8        0xc /tmp/arduino-sketch-1C934003A53569F488A841265C42452E/core/core.a(cortex_handlers.c.o)
                0x000024d8                USB_SetHandler
 .text.millis   0x000024e4        0xc /tmp/arduino-sketch-1C934003A53569F488A841265C42452E/core/core.a(delay.c.o)
                0x000024e4                millis
 .text.micros   0x000024f0       0x60 /tmp/arduino-sketch-1C934003A53569F488A841265C42452E/core/core.a(delay.c.o)
                0x000024f0                micros
 .text.delay    0x00002550       0x30 /tmp/arduino-sketch-1C934003A53569F488A841265C42452E/core/core.a(delay.c.o)
                0x00002550                delay
 .text.resetExternalChip
                0x00002580        0x2 /tmp/arduino-sketch-1C934003A53569F488A841265C42452E/core/core.a(delay.c.o)
                0x00002580                resetExternalChip
 *fill*         0x00002582        0x2 
 .text.SysTick_DefaultHandler
                0x00002584       0x14 /tmp/arduino-sketch-1C934003A53569F488A841265C42452E/core/core.a(delay.c.o)
                0x00002584                SysTick_DefaultHandler
 .text.__empty  0x00002598        0x2 /tmp/arduino-sketch-1C934003A53569F488A841265C42452E/core/core.a(hooks.c.o)
                0x00002598                yield
 .text.__false  0x0000259a        0x4 /tmp/arduino-sketch-1C934003A53569F488A841265C42452E/core/core.a(hooks.c.o)
                0x0000259a                sysTickHook
 *fill*         0x0000259e        0x2 
 .text.SystemInit
                0x000025a0      0x160 /tmp/arduino-sketch-1C934003A53569F488A841265C42452E/core/core.a(startup.c.o)
                0x000025a0                SystemInit
 .text.init     0x00002700       0xf0 /tmp/arduino-sketch-1C934003A53569F488A841265C42452E/core/core.a(wiring.c.o)
                0x00002700                init
 .text.analogReference
                0x000027f0       0x64 /tmp/arduino-sketch-1C934003A53569F488A841265C42452E/core/core.a(wiring_analog.c.o)
                0x000027f0                analogReference
 .text.pinMode  0x00002854       0x98 /tmp/arduino-sketch-1C934003A53569F488A841265C42452E/core/core.a(wiring_digital.c.o)
                0x00002854                pinMode
 .text.digitalWrite
                0x000028ec       0x58 /tmp/arduino-sketch-1C934003A53569F488A841265C42452E/core/core.a(wiring_digital.c.o)
                0x000028ec                digitalWrite
 .text.pinPeripheral
                0x00002944       0xc0 /tmp/arduino-sketch-1C934003A53569F488A841265C42452E/core/core.a(wiring_private.c.o)
                0x00002944                pinPeripheral
 .text._ZN5Print5writeEPKhj
                0x00002a04       0x28 /tmp/arduino-sketch-1C934003A53569F488A841265C42452E/core/core.a(Print.cpp.o)
                0x00002a04                Print::write(unsigned char const*, unsigned int)
 .text._ZN5Print5writeEPKc.part.2
                0x00002a2c       0x1a /tmp/arduino-sketch-1C934003A53569F488A841265C42452E/core/core.a(Print.cpp.o)
 .text._ZN5Print5writeEPKc
                0x00002a46       0x10 /tmp/arduino-sketch-1C934003A53569F488A841265C42452E/core/core.a(Print.cpp.o)
                0x00002a46                Print::write(char const*)
 .text._ZN5Print5printEPKc
                0x00002a56        0x8 /tmp/arduino-sketch-1C934003A53569F488A841265C42452E/core/core.a(Print.cpp.o)
                0x00002a56                Print::print(char const*)
 *fill*         0x00002a5e        0x2 
 .text._ZN5Print7printlnEv
                0x00002a60       0x10 /tmp/arduino-sketch-1C934003A53569F488A841265C42452E/core/core.a(Print.cpp.o)
                0x00002a60                Print::println()
 .text.initiateReset
                0x00002a70       0x14 /tmp/arduino-sketch-1C934003A53569F488A841265C42452E/core/core.a(Reset.cpp.o)
                0x00002a70                initiateReset
 .text.cancelReset
                0x00002a84       0x10 /tmp/arduino-sketch-1C934003A53569F488A841265C42452E/core/core.a(Reset.cpp.o)
                0x00002a84                cancelReset
 .text.tickReset
                0x00002a94       0x78 /tmp/arduino-sketch-1C934003A53569F488A841265C42452E/core/core.a(Reset.cpp.o)
                0x00002a94                tickReset
 .text._ZN6SERCOMC2EP6Sercom
                0x00002b0c        0x4 /tmp/arduino-sketch-1C934003A53569F488A841265C42452E/core/core.a(SERCOM.cpp.o)
                0x00002b0c                SERCOM::SERCOM(Sercom*)
                0x00002b0c                SERCOM::SERCOM(Sercom*)
 .text._ZN6SERCOM9initFrameE18SercomUartCharSize15SercomDataOrder16SercomParityMode19SercomNumberStopBit
                0x00002b10       0x3a /tmp/arduino-sketch-1C934003A53569F488A841265C42452E/core/core.a(SERCOM.cpp.o)
                0x00002b10                SERCOM::initFrame(SercomUartCharSize, SercomDataOrder, SercomParityMode, SercomNumberStopBit)
 .text._ZN6SERCOM8initPadsE15SercomUartTXPad11SercomRXPad
                0x00002b4a       0x26 /tmp/arduino-sketch-1C934003A53569F488A841265C42452E/core/core.a(SERCOM.cpp.o)
                0x00002b4a                SERCOM::initPads(SercomUartTXPad, SercomRXPad)
 .text._ZN6SERCOM9resetUARTEv
                0x00002b70       0x1a /tmp/arduino-sketch-1C934003A53569F488A841265C42452E/core/core.a(SERCOM.cpp.o)
                0x00002b70                SERCOM::resetUART()
 .text._ZN6SERCOM10enableUARTEv
                0x00002b8a       0x14 /tmp/arduino-sketch-1C934003A53569F488A841265C42452E/core/core.a(SERCOM.cpp.o)
                0x00002b8a                SERCOM::enableUART()
 .text._ZN6SERCOM9flushUARTEv
                0x00002b9e       0x10 /tmp/arduino-sketch-1C934003A53569F488A841265C42452E/core/core.a(SERCOM.cpp.o)
                0x00002b9e                SERCOM::flushUART()
 .text._ZN6SERCOM15clearStatusUARTEv
                0x00002bae        0x8 /tmp/arduino-sketch-1C934003A53569F488A841265C42452E/core/core.a(SERCOM.cpp.o)
                0x00002bae                SERCOM::clearStatusUART()
 .text._ZN6SERCOM17availableDataUARTEv
                0x00002bb6        0xa /tmp/arduino-sketch-1C934003A53569F488A841265C42452E/core/core.a(SERCOM.cpp.o)
                0x00002bb6                SERCOM::availableDataUART()
 .text._ZN6SERCOM11isUARTErrorEv
                0x00002bc0        0x8 /tmp/arduino-sketch-1C934003A53569F488A841265C42452E/core/core.a(SERCOM.cpp.o)
                0x00002bc0                SERCOM::isUARTError()
 .text._ZN6SERCOM20acknowledgeUARTErrorEv
                0x00002bc8        0xe /tmp/arduino-sketch-1C934003A53569F488A841265C42452E/core/core.a(SERCOM.cpp.o)
                0x00002bc8                SERCOM::acknowledgeUARTError()
 .text._ZN6SERCOM16isFrameErrorUARTEv
                0x00002bd6        0xa /tmp/arduino-sketch-1C934003A53569F488A841265C42452E/core/core.a(SERCOM.cpp.o)
                0x00002bd6                SERCOM::isFrameErrorUART()
 .text._ZN6SERCOM19clearFrameErrorUARTEv
                0x00002be0        0xc /tmp/arduino-sketch-1C934003A53569F488A841265C42452E/core/core.a(SERCOM.cpp.o)
                0x00002be0                SERCOM::clearFrameErrorUART()
 .text._ZN6SERCOM23isDataRegisterEmptyUARTEv
                0x00002bec        0xa /tmp/arduino-sketch-1C934003A53569F488A841265C42452E/core/core.a(SERCOM.cpp.o)
                0x00002bec                SERCOM::isDataRegisterEmptyUART()
 .text._ZN6SERCOM12readDataUARTEv
                0x00002bf6        0x8 /tmp/arduino-sketch-1C934003A53569F488A841265C42452E/core/core.a(SERCOM.cpp.o)
                0x00002bf6                SERCOM::readDataUART()
 .text._ZN6SERCOM13writeDataUARTEh
                0x00002bfe       0x10 /tmp/arduino-sketch-1C934003A53569F488A841265C42452E/core/core.a(SERCOM.cpp.o)
                0x00002bfe                SERCOM::writeDataUART(unsigned char)
 .text._ZN6SERCOM36enableDataRegisterEmptyInterruptUARTEv
                0x00002c0e        0x8 /tmp/arduino-sketch-1C934003A53569F488A841265C42452E/core/core.a(SERCOM.cpp.o)
                0x00002c0e                SERCOM::enableDataRegisterEmptyInterruptUART()
 .text._ZN6SERCOM37disableDataRegisterEmptyInterruptUARTEv
                0x00002c16        0x8 /tmp/arduino-sketch-1C934003A53569F488A841265C42452E/core/core.a(SERCOM.cpp.o)
                0x00002c16                SERCOM::disableDataRegisterEmptyInterruptUART()
 *fill*         0x00002c1e        0x2 
 .text._ZN6SERCOM13initClockNVICEv
                0x00002c20       0xa8 /tmp/arduino-sketch-1C934003A53569F488A841265C42452E/core/core.a(SERCOM.cpp.o)
                0x00002c20                SERCOM::initClockNVIC()
 .text._ZN6SERCOM8initUARTE14SercomUartMode20SercomUartSampleRatem
                0x00002cc8       0x6c /tmp/arduino-sketch-1C934003A53569F488A841265C42452E/core/core.a(SERCOM.cpp.o)
                0x00002cc8                SERCOM::initUART(SercomUartMode, SercomUartSampleRate, unsigned long)
 .text._ZN7Serial_13getDescriptorER8USBSetup
                0x00002d34        0x4 /tmp/arduino-sketch-1C934003A53569F488A841265C42452E/core/core.a(CDC.cpp.o)
                0x00002d34                Serial_::getDescriptor(USBSetup&)
 .text._ZL5utox8mPc
                0x00002d38       0x24 /tmp/arduino-sketch-1C934003A53569F488A841265C42452E/core/core.a(CDC.cpp.o)
 .text._ZN7Serial_12getShortNameEPc
                0x00002d5c       0x44 /tmp/arduino-sketch-1C934003A53569F488A841265C42452E/core/core.a(CDC.cpp.o)
                0x00002d5c                Serial_::getShortName(char*)
 .text._ZThn16_N7Serial_12getShortNameEPc
                0x00002da0       0x10 /tmp/arduino-sketch-1C934003A53569F488A841265C42452E/core/core.a(CDC.cpp.o)
                0x00002da0                non-virtual thunk to Serial_::getShortName(char*)
 .text._ZN7Serial_14handleEndpointEi
                0x00002db0        0x2 /tmp/arduino-sketch-1C934003A53569F488A841265C42452E/core/core.a(CDC.cpp.o)
                0x00002db0                Serial_::handleEndpoint(int)
 .text._ZN7Serial_17availableForWriteEv
                0x00002db2        0x4 /tmp/arduino-sketch-1C934003A53569F488A841265C42452E/core/core.a(CDC.cpp.o)
                0x00002db2                Serial_::availableForWrite()
 .text._ZN7Serial_5writeEh
                0x00002db6       0x14 /tmp/arduino-sketch-1C934003A53569F488A841265C42452E/core/core.a(CDC.cpp.o)
                0x00002db6                Serial_::write(unsigned char)
 *fill*         0x00002dca        0x2 
 .text._ZN7Serial_12getInterfaceEPh
                0x00002dcc      0x11c /tmp/arduino-sketch-1C934003A53569F488A841265C42452E/core/core.a(CDC.cpp.o)
                0x00002dcc                Serial_::getInterface(unsigned char*)
 .text._ZThn16_N7Serial_12getInterfaceEPh
                0x00002ee8       0x10 /tmp/arduino-sketch-1C934003A53569F488A841265C42452E/core/core.a(CDC.cpp.o)
                0x00002ee8                non-virtual thunk to Serial_::getInterface(unsigned char*)
 .text._ZN7Serial_5setupER8USBSetup
                0x00002ef8       0xa8 /tmp/arduino-sketch-1C934003A53569F488A841265C42452E/core/core.a(CDC.cpp.o)
                0x00002ef8                Serial_::setup(USBSetup&)
 .text._ZThn16_N7Serial_5setupER8USBSetup
                0x00002fa0       0x10 /tmp/arduino-sketch-1C934003A53569F488A841265C42452E/core/core.a(CDC.cpp.o)
                0x00002fa0                non-virtual thunk to Serial_::setup(USBSetup&)
 .text._ZN7Serial_9availableEv
                0x00002fb0       0x20 /tmp/arduino-sketch-1C934003A53569F488A841265C42452E/core/core.a(CDC.cpp.o)
                0x00002fb0                Serial_::available()
 .text._ZN7Serial_5flushEv
                0x00002fd0        0xe /tmp/arduino-sketch-1C934003A53569F488A841265C42452E/core/core.a(CDC.cpp.o)
                0x00002fd0                Serial_::flush()
 .text._ZN7Serial_5clearEv
                0x00002fde        0xe /tmp/arduino-sketch-1C934003A53569F488A841265C42452E/core/core.a(CDC.cpp.o)
                0x00002fde                Serial_::clear()
 .text._ZN7Serial_5writeEPKhj
                0x00002fec       0x1e /tmp/arduino-sketch-1C934003A53569F488A841265C42452E/core/core.a(CDC.cpp.o)
                0x00002fec                Serial_::write(unsigned char const*, unsigned int)
 *fill*         0x0000300a        0x2 
 .text._ZN7Serial_4peekEv
                0x0000300c       0x1c /tmp/arduino-sketch-1C934003A53569F488A841265C42452E/core/core.a(CDC.cpp.o)
                0x0000300c                Serial_::peek()
 .text._ZN7Serial_4readEv
                0x00003028       0x24 /tmp/arduino-sketch-1C934003A53569F488A841265C42452E/core/core.a(CDC.cpp.o)
                0x00003028                Serial_::read()
 .text._ZThn16_N7Serial_14handleEndpointEi
                0x0000304c        0x2 /tmp/arduino-sketch-1C934003A53569F488A841265C42452E/core/core.a(CDC.cpp.o)
                0x0000304c                non-virtual thunk to Serial_::handleEndpoint(int)
 .text._ZThn16_N7Serial_13getDescriptorER8USBSetup
                0x0000304e        0x4 /tmp/arduino-sketch-1C934003A53569F488A841265C42452E/core/core.a(CDC.cpp.o)
                0x0000304e                non-virtual thunk to Serial_::getDescriptor(USBSetup&)
 *fill*         0x00003052        0x2 
 .text._ZN7Serial_C2ER14USBDeviceClass
                0x00003054       0x50 /tmp/arduino-sketch-1C934003A53569F488A841265C42452E/core/core.a(CDC.cpp.o)
                0x00003054                Serial_::Serial_(USBDeviceClass&)
                0x00003054                Serial_::Serial_(USBDeviceClass&)
 .text._ZN7Serial_15enableInterruptEv
                0x000030a4       0x30 /tmp/arduino-sketch-1C934003A53569F488A841265C42452E/core/core.a(CDC.cpp.o)
                0x000030a4                Serial_::enableInterrupt()
 .text._ZN7Serial_5beginEm
                0x000030d4        0x2 /tmp/arduino-sketch-1C934003A53569F488A841265C42452E/core/core.a(CDC.cpp.o)
                0x000030d4                Serial_::begin(unsigned long)
 *fill*         0x000030d6        0x2 
 .text._ZN7Serial_cvbEv
                0x000030d8       0x28 /tmp/arduino-sketch-1C934003A53569F488A841265C42452E/core/core.a(CDC.cpp.o)
                0x000030d8                Serial_::operator bool()
 .text.startup._GLOBAL__sub_I__ZN7Serial_12getInterfaceEPh
                0x00003100       0x14 /tmp/arduino-sketch-1C934003A53569F488A841265C42452E/core/core.a(CDC.cpp.o)
 .text._ZN13PluggableUSB_12getInterfaceEPh
                0x00003114       0x28 /tmp/arduino-sketch-1C934003A53569F488A841265C42452E/core/core.a(PluggableUSB.cpp.o)
                0x00003114                PluggableUSB_::getInterface(unsigned char*)
 .text._ZN13PluggableUSB_13getDescriptorER8USBSetup
                0x0000313c       0x20 /tmp/arduino-sketch-1C934003A53569F488A841265C42452E/core/core.a(PluggableUSB.cpp.o)
                0x0000313c                PluggableUSB_::getDescriptor(USBSetup&)
 .text._ZN13PluggableUSB_12getShortNameEPc
                0x0000315c       0x26 /tmp/arduino-sketch-1C934003A53569F488A841265C42452E/core/core.a(PluggableUSB.cpp.o)
                0x0000315c                PluggableUSB_::getShortName(char*)
 .text._ZN13PluggableUSB_5setupER8USBSetup
                0x00003182       0x20 /tmp/arduino-sketch-1C934003A53569F488A841265C42452E/core/core.a(PluggableUSB.cpp.o)
                0x00003182                PluggableUSB_::setup(USBSetup&)
 .text._ZN13PluggableUSB_14handleEndpointEi
                0x000031a2       0x1a /tmp/arduino-sketch-1C934003A53569F488A841265C42452E/core/core.a(PluggableUSB.cpp.o)
                0x000031a2                PluggableUSB_::handleEndpoint(int)
 .text._ZN13PluggableUSB_4plugEP18PluggableUSBModule
                0x000031bc       0x58 /tmp/arduino-sketch-1C934003A53569F488A841265C42452E/core/core.a(PluggableUSB.cpp.o)
                0x000031bc                PluggableUSB_::plug(PluggableUSBModule*)
 .text._Z12PluggableUSBv
                0x00003214       0x24 /tmp/arduino-sketch-1C934003A53569F488A841265C42452E/core/core.a(PluggableUSB.cpp.o)
                0x00003214                PluggableUSB()
 .text._ZN26DoubleBufferedEPOutHandlerD2Ev
                0x00003238        0x2 /tmp/arduino-sketch-1C934003A53569F488A841265C42452E/core/core.a(USBCore.cpp.o)
                0x00003238                DoubleBufferedEPOutHandler::~DoubleBufferedEPOutHandler()
                0x00003238                DoubleBufferedEPOutHandler::~DoubleBufferedEPOutHandler()
 .text._ZN26DoubleBufferedEPOutHandlerD0Ev
                0x0000323a        0xc /tmp/arduino-sketch-1C934003A53569F488A841265C42452E/core/core.a(USBCore.cpp.o)
                0x0000323a                DoubleBufferedEPOutHandler::~DoubleBufferedEPOutHandler()
 *fill*         0x00003246        0x2 
 .text._ZN14USBDeviceClass6initEPEmm.part.7
                0x00003248       0xc4 /tmp/arduino-sketch-1C934003A53569F488A841265C42452E/core/core.a(USBCore.cpp.o)
 .text._ZN7__GuardC2Ev
                0x0000330c        0xe /tmp/arduino-sketch-1C934003A53569F488A841265C42452E/core/core.a(USBCore.cpp.o)
                0x0000330c                __Guard::__Guard()
                0x0000330c                __Guard::__Guard()
 .text._ZN7__GuardD2Ev
                0x0000331a        0xe /tmp/arduino-sketch-1C934003A53569F488A841265C42452E/core/core.a(USBCore.cpp.o)
                0x0000331a                __Guard::~__Guard()
                0x0000331a                __Guard::~__Guard()
 .text._ZNK26DoubleBufferedEPOutHandler10_availableEv
                0x00003328       0x70 /tmp/arduino-sketch-1C934003A53569F488A841265C42452E/core/core.a(USBCore.cpp.o)
                0x00003328                DoubleBufferedEPOutHandler::_available() const
 .text._ZN26DoubleBufferedEPOutHandler7releaseEv
                0x00003398       0x3c /tmp/arduino-sketch-1C934003A53569F488A841265C42452E/core/core.a(USBCore.cpp.o)
                0x00003398                DoubleBufferedEPOutHandler::release()
 .text._ZN26DoubleBufferedEPOutHandler14handleEndpointEv
                0x000033d4       0xea /tmp/arduino-sketch-1C934003A53569F488A841265C42452E/core/core.a(USBCore.cpp.o)
                0x000033d4                DoubleBufferedEPOutHandler::handleEndpoint()
 .text._ZN26DoubleBufferedEPOutHandler5_recvEv
                0x000034be      0x198 /tmp/arduino-sketch-1C934003A53569F488A841265C42452E/core/core.a(USBCore.cpp.o)
                0x000034be                DoubleBufferedEPOutHandler::_recv()
 .text._ZN26DoubleBufferedEPOutHandler4peekEv
                0x00003656       0x22 /tmp/arduino-sketch-1C934003A53569F488A841265C42452E/core/core.a(USBCore.cpp.o)
                0x00003656                DoubleBufferedEPOutHandler::peek()
 .text._ZN26DoubleBufferedEPOutHandler9availableEv
                0x00003678       0x18 /tmp/arduino-sketch-1C934003A53569F488A841265C42452E/core/core.a(USBCore.cpp.o)
                0x00003678                DoubleBufferedEPOutHandler::available()
 .text._ZN26DoubleBufferedEPOutHandler4recvEPvm
                0x00003690       0x72 /tmp/arduino-sketch-1C934003A53569F488A841265C42452E/core/core.a(USBCore.cpp.o)
                0x00003690                DoubleBufferedEPOutHandler::recv(void*, unsigned long)
 .text._ZN14USBDeviceClass14SendInterfacesEPm
                0x00003702       0x20 /tmp/arduino-sketch-1C934003A53569F488A841265C42452E/core/core.a(USBCore.cpp.o)
                0x00003702                USBDeviceClass::SendInterfaces(unsigned long*)
 *fill*         0x00003722        0x2 
 .text._ZN14USBDeviceClass4initEv
                0x00003724      0x15c /tmp/arduino-sketch-1C934003A53569F488A841265C42452E/core/core.a(USBCore.cpp.o)
                0x00003724                USBDeviceClass::init()
 .text._ZN14USBDeviceClass6attachEv
                0x00003880       0x34 /tmp/arduino-sketch-1C934003A53569F488A841265C42452E/core/core.a(USBCore.cpp.o)
                0x00003880                USBDeviceClass::attach()
 .text._ZN14USBDeviceClass10setAddressEm
                0x000038b4       0x48 /tmp/arduino-sketch-1C934003A53569F488A841265C42452E/core/core.a(USBCore.cpp.o)
                0x000038b4                USBDeviceClass::setAddress(unsigned long)
 .text._ZN14USBDeviceClass25handleClassInterfaceSetupER8USBSetup
                0x000038fc       0x24 /tmp/arduino-sketch-1C934003A53569F488A841265C42452E/core/core.a(USBCore.cpp.o)
                0x000038fc                USBDeviceClass::handleClassInterfaceSetup(USBSetup&)
 .text._ZN14USBDeviceClass6initEPEmm
                0x00003920      0x120 /tmp/arduino-sketch-1C934003A53569F488A841265C42452E/core/core.a(USBCore.cpp.o)
                0x00003920                USBDeviceClass::initEP(unsigned long, unsigned long)
 .text._ZN14USBDeviceClass13initEndpointsEv
                0x00003a40       0x24 /tmp/arduino-sketch-1C934003A53569F488A841265C42452E/core/core.a(USBCore.cpp.o)
                0x00003a40                USBDeviceClass::initEndpoints()
 .text._ZN14USBDeviceClass5clearEm
                0x00003a64       0x38 /tmp/arduino-sketch-1C934003A53569F488A841265C42452E/core/core.a(USBCore.cpp.o)
                0x00003a64                USBDeviceClass::clear(unsigned long)
 .text._ZN14USBDeviceClass9availableEm
                0x00003a9c       0x2c /tmp/arduino-sketch-1C934003A53569F488A841265C42452E/core/core.a(USBCore.cpp.o)
                0x00003a9c                USBDeviceClass::available(unsigned long)
 .text._ZN14USBDeviceClass5flushEm
                0x00003ac8       0x2c /tmp/arduino-sketch-1C934003A53569F488A841265C42452E/core/core.a(USBCore.cpp.o)
                0x00003ac8                USBDeviceClass::flush(unsigned long)
 .text._ZN14USBDeviceClass4recvEmPvm
                0x00003af4       0xc0 /tmp/arduino-sketch-1C934003A53569F488A841265C42452E/core/core.a(USBCore.cpp.o)
                0x00003af4                USBDeviceClass::recv(unsigned long, void*, unsigned long)
 .text._ZN14USBDeviceClass4recvEm
                0x00003bb4       0x1c /tmp/arduino-sketch-1C934003A53569F488A841265C42452E/core/core.a(USBCore.cpp.o)
                0x00003bb4                USBDeviceClass::recv(unsigned long)
 .text._ZN14USBDeviceClass14armRecvCtrlOUTEm
                0x00003bd0       0x5c /tmp/arduino-sketch-1C934003A53569F488A841265C42452E/core/core.a(USBCore.cpp.o)
                0x00003bd0                USBDeviceClass::armRecvCtrlOUT(unsigned long)
 .text._ZN14USBDeviceClass11recvControlEPvm
                0x00003c2c       0x28 /tmp/arduino-sketch-1C934003A53569F488A841265C42452E/core/core.a(USBCore.cpp.o)
                0x00003c2c                USBDeviceClass::recvControl(void*, unsigned long)
 .text._ZN14USBDeviceClass4sendEmPKvm
                0x00003c54      0x10c /tmp/arduino-sketch-1C934003A53569F488A841265C42452E/core/core.a(USBCore.cpp.o)
                0x00003c54                USBDeviceClass::send(unsigned long, void const*, unsigned long)
 .text._ZN14USBDeviceClass7armSendEmPKvm
                0x00003d60       0x48 /tmp/arduino-sketch-1C934003A53569F488A841265C42452E/core/core.a(USBCore.cpp.o)
                0x00003d60                USBDeviceClass::armSend(unsigned long, void const*, unsigned long)
 .text._ZN14USBDeviceClass11sendControlEPKvm
                0x00003da8       0x54 /tmp/arduino-sketch-1C934003A53569F488A841265C42452E/core/core.a(USBCore.cpp.o)
                0x00003da8                USBDeviceClass::sendControl(void const*, unsigned long)
 .text._ZN14USBDeviceClass20sendStringDescriptorEPKhm
                0x00003dfc       0x64 /tmp/arduino-sketch-1C934003A53569F488A841265C42452E/core/core.a(USBCore.cpp.o)
                0x00003dfc                USBDeviceClass::sendStringDescriptor(unsigned char const*, unsigned long)
 .text._ZN14USBDeviceClass17sendConfigurationEm
                0x00003e60       0x80 /tmp/arduino-sketch-1C934003A53569F488A841265C42452E/core/core.a(USBCore.cpp.o)
                0x00003e60                USBDeviceClass::sendConfiguration(unsigned long)
 .text._ZN14USBDeviceClass14sendDescriptorER8USBSetup
                0x00003ee0       0xe0 /tmp/arduino-sketch-1C934003A53569F488A841265C42452E/core/core.a(USBCore.cpp.o)
                0x00003ee0                USBDeviceClass::sendDescriptor(USBSetup&)
 .text._ZN14USBDeviceClass7sendZlpEm
                0x00003fc0       0x18 /tmp/arduino-sketch-1C934003A53569F488A841265C42452E/core/core.a(USBCore.cpp.o)
                0x00003fc0                USBDeviceClass::sendZlp(unsigned long)
 .text._ZN14USBDeviceClass19handleStandardSetupER8USBSetup
                0x00003fd8       0xf0 /tmp/arduino-sketch-1C934003A53569F488A841265C42452E/core/core.a(USBCore.cpp.o)
                0x00003fd8                USBDeviceClass::handleStandardSetup(USBSetup&)
 .text._ZN14USBDeviceClass10ISRHandlerEv
                0x000040c8      0x108 /tmp/arduino-sketch-1C934003A53569F488A841265C42452E/core/core.a(USBCore.cpp.o)
                0x000040c8                USBDeviceClass::ISRHandler()
 .text.UDD_Handler
                0x000041d0       0x10 /tmp/arduino-sketch-1C934003A53569F488A841265C42452E/core/core.a(USBCore.cpp.o)
                0x000041d0                UDD_Handler
 .text.startup._GLOBAL__sub_I_usbd
                0x000041e0       0x10 /tmp/arduino-sketch-1C934003A53569F488A841265C42452E/core/core.a(USBCore.cpp.o)
 .text._ZN4UartcvbEv
                0x000041f0        0x4 /tmp/arduino-sketch-1C934003A53569F488A841265C42452E/core/core.a(Uart.cpp.o)
                0x000041f0                Uart::operator bool()
 .text._ZN4Uart5beginEm
                0x000041f4       0x10 /tmp/arduino-sketch-1C934003A53569F488A841265C42452E/core/core.a(Uart.cpp.o)
                0x000041f4                Uart::begin(unsigned long)
 .text._ZN4Uart4peekEv
                0x00004204       0x1a /tmp/arduino-sketch-1C934003A53569F488A841265C42452E/core/core.a(Uart.cpp.o)
                0x00004204                Uart::peek()
 .text._ZN4Uart3endEv
                0x0000421e       0x20 /tmp/arduino-sketch-1C934003A53569F488A841265C42452E/core/core.a(Uart.cpp.o)
                0x0000421e                Uart::end()
 .text._ZN4Uart16extractNbStopBitEt
                0x0000423e        0xc /tmp/arduino-sketch-1C934003A53569F488A841265C42452E/core/core.a(Uart.cpp.o)
                0x0000423e                Uart::extractNbStopBit(unsigned short)
 .text._ZN4Uart15extractCharSizeEt
                0x0000424a       0x28 /tmp/arduino-sketch-1C934003A53569F488A841265C42452E/core/core.a(Uart.cpp.o)
                0x0000424a                Uart::extractCharSize(unsigned short)
 .text._ZN4Uart13extractParityEt
                0x00004272       0x14 /tmp/arduino-sketch-1C934003A53569F488A841265C42452E/core/core.a(Uart.cpp.o)
                0x00004272                Uart::extractParity(unsigned short)
 *fill*         0x00004286        0x2 
 .text._ZN4Uart5beginEmt
                0x00004288       0xf8 /tmp/arduino-sketch-1C934003A53569F488A841265C42452E/core/core.a(Uart.cpp.o)
                0x00004288                Uart::begin(unsigned long, unsigned short)
 .text._ZN11RingBufferNILi256EEC2Ev
                0x00004380       0x1c /tmp/arduino-sketch-1C934003A53569F488A841265C42452E/core/core.a(Uart.cpp.o)
                0x00004380                RingBufferN<256>::RingBufferN()
                0x00004380                RingBufferN<256>::RingBufferN()
 .text._ZN4UartC2EP6SERCOMhh11SercomRXPad15SercomUartTXPad
                0x0000439c       0x74 /tmp/arduino-sketch-1C934003A53569F488A841265C42452E/core/core.a(Uart.cpp.o)
                0x0000439c                Uart::Uart(SERCOM*, unsigned char, unsigned char, SercomRXPad, SercomUartTXPad)
                0x0000439c                Uart::Uart(SERCOM*, unsigned char, unsigned char, SercomRXPad, SercomUartTXPad)
 .text._ZN11RingBufferNILi256EE9availableEv
                0x00004410       0x12 /tmp/arduino-sketch-1C934003A53569F488A841265C42452E/core/core.a(Uart.cpp.o)
                0x00004410                RingBufferN<256>::available()
 .text._ZN4Uart5flushEv
                0x00004422       0x1a /tmp/arduino-sketch-1C934003A53569F488A841265C42452E/core/core.a(Uart.cpp.o)
                0x00004422                Uart::flush()
 .text._ZN4Uart9availableEv
                0x0000443c        0xa /tmp/arduino-sketch-1C934003A53569F488A841265C42452E/core/core.a(Uart.cpp.o)
                0x0000443c                Uart::available()
 .text._ZN11RingBufferNILi256EE17availableForStoreEv
                0x00004446       0x20 /tmp/arduino-sketch-1C934003A53569F488A841265C42452E/core/core.a(Uart.cpp.o)
                0x00004446                RingBufferN<256>::availableForStore()
 .text._ZN4Uart17availableForWriteEv
                0x00004466        0xc /tmp/arduino-sketch-1C934003A53569F488A841265C42452E/core/core.a(Uart.cpp.o)
                0x00004466                Uart::availableForWrite()
 .text._ZN4Uart10IrqHandlerEv
                0x00004472       0xcc /tmp/arduino-sketch-1C934003A53569F488A841265C42452E/core/core.a(Uart.cpp.o)
                0x00004472                Uart::IrqHandler()
 *fill*         0x0000453e        0x2 
 .text._ZN4Uart5writeEh
                0x00004540       0xb4 /tmp/arduino-sketch-1C934003A53569F488A841265C42452E/core/core.a(Uart.cpp.o)
                0x00004540                Uart::write(unsigned char)
 .text._ZN4Uart4readEv
                0x000045f4       0x4c /tmp/arduino-sketch-1C934003A53569F488A841265C42452E/core/core.a(Uart.cpp.o)
                0x000045f4                Uart::read()
 .text._Z11initVariantv
                0x00004640        0x2 /tmp/arduino-sketch-1C934003A53569F488A841265C42452E/core/core.a(main.cpp.o)
                0x00004640                initVariant()
 *fill*         0x00004642        0x2 
 .text.startup.main
                0x00004644       0x40 /tmp/arduino-sketch-1C934003A53569F488A841265C42452E/core/core.a(main.cpp.o)
                0x00004644                main
 .text._Znwj    0x00004684        0x8 /tmp/arduino-sketch-1C934003A53569F488A841265C42452E/core/core.a(new.cpp.o)
                0x00004684                operator new(unsigned int)
 .text._ZdlPv   0x0000468c        0x8 /tmp/arduino-sketch-1C934003A53569F488A841265C42452E/core/core.a(new.cpp.o)
                0x0000468c                operator delete(void*)
 .text          0x00004694       0x14 /home/pi/.arduino15/packages/arduino/tools/arm-none-eabi-gcc/7-2017q4/bin/../lib/gcc/arm-none-eabi/7.2.1/thumb/v6-m/libgcc.a(_thumb1_case_uqi.o)
                0x00004694                __gnu_thumb1_case_uqi
 .text          0x000046a8      0x114 /home/pi/.arduino15/packages/arduino/tools/arm-none-eabi-gcc/7-2017q4/bin/../lib/gcc/arm-none-eabi/7.2.1/thumb/v6-m/libgcc.a(_udivsi3.o)
                0x000046a8                __udivsi3
                0x000046a8                __aeabi_uidiv
                0x000047b4                __aeabi_uidivmod
 .text          0x000047bc        0x4 /home/pi/.arduino15/packages/arduino/tools/arm-none-eabi-gcc/7-2017q4/bin/../lib/gcc/arm-none-eabi/7.2.1/thumb/v6-m/libgcc.a(_dvmd_tls.o)
                0x000047bc                __aeabi_ldiv0
                0x000047bc                __aeabi_idiv0
 .text.__libc_init_array
                0x000047c0       0x48 /home/pi/.arduino15/packages/arduino/tools/arm-none-eabi-gcc/7-2017q4/bin/../lib/gcc/arm-none-eabi/7.2.1/../../../../arm-none-eabi/lib/thumb/v6-m/libc_nano.a(lib_a-init.o)
                0x000047c0                __libc_init_array
 .text.malloc   0x00004808       0x14 /home/pi/.arduino15/packages/arduino/tools/arm-none-eabi-gcc/7-2017q4/bin/../lib/gcc/arm-none-eabi/7.2.1/../../../../arm-none-eabi/lib/thumb/v6-m/libc_nano.a(lib_a-malloc.o)
                0x00004808                malloc
 .text.free     0x0000481c       0x14 /home/pi/.arduino15/packages/arduino/tools/arm-none-eabi-gcc/7-2017q4/bin/../lib/gcc/arm-none-eabi/7.2.1/../../../../arm-none-eabi/lib/thumb/v6-m/libc_nano.a(lib_a-malloc.o)
                0x0000481c                free
 .text.memcpy   0x00004830       0x12 /home/pi/.arduino15/packages/arduino/tools/arm-none-eabi-gcc/7-2017q4/bin/../lib/gcc/arm-none-eabi/7.2.1/../../../../arm-none-eabi/lib/thumb/v6-m/libc_nano.a(lib_a-memcpy-stub.o)
                0x00004830                memcpy
 .text.memset   0x00004842       0x10 /home/pi/.arduino15/packages/arduino/tools/arm-none-eabi-gcc/7-2017q4/bin/../lib/gcc/arm-none-eabi/7.2.1/../../../../arm-none-eabi/lib/thumb/v6-m/libc_nano.a(lib_a-memset.o)
                0x00004842                memset
 *fill*         0x00004852        0x2 
 .text._free_r  0x00004854       0x94 /home/pi/.arduino15/packages/arduino/tools/arm-none-eabi-gcc/7-2017q4/bin/../lib/gcc/arm-none-eabi/7.2.1/../../../../arm-none-eabi/lib/thumb/v6-m/libc_nano.a(lib_a-nano-freer.o)
                0x00004854                _free_r
 .text._malloc_r
                0x000048e8       0xbc /home/pi/.arduino15/packages/arduino/tools/arm-none-eabi-gcc/7-2017q4/bin/../lib/gcc/arm-none-eabi/7.2.1/../../../../arm-none-eabi/lib/thumb/v6-m/libc_nano.a(lib_a-nano-mallocr.o)
                0x000048e8                _malloc_r
 .text._sbrk_r  0x000049a4       0x24 /home/pi/.arduino15/packages/arduino/tools/arm-none-eabi-gcc/7-2017q4/bin/../lib/gcc/arm-none-eabi/7.2.1/../../../../arm-none-eabi/lib/thumb/v6-m/libc_nano.a(lib_a-sbrkr.o)
                0x000049a4                _sbrk_r
 .text.sprintf  0x000049c8       0x40 /home/pi/.arduino15/packages/arduino/tools/arm-none-eabi-gcc/7-2017q4/bin/../lib/gcc/arm-none-eabi/7.2.1/../../../../arm-none-eabi/lib/thumb/v6-m/libc_nano.a(lib_a-sprintf.o)
                0x000049c8                sprintf
                0x000049c8                siprintf
 .text          0x00004a08        0xe /home/pi/.arduino15/packages/arduino/tools/arm-none-eabi-gcc/7-2017q4/bin/../lib/gcc/arm-none-eabi/7.2.1/../../../../arm-none-eabi/lib/thumb/v6-m/libc_nano.a(lib_a-strlen.o)
                0x00004a08                strlen
 .text.__malloc_lock
                0x00004a16        0x2 /home/pi/.arduino15/packages/arduino/tools/arm-none-eabi-gcc/7-2017q4/bin/../lib/gcc/arm-none-eabi/7.2.1/../../../../arm-none-eabi/lib/thumb/v6-m/libc_nano.a(lib_a-mlock.o)
                0x00004a16                __malloc_lock
 .text.__malloc_unlock
                0x00004a18        0x2 /home/pi/.arduino15/packages/arduino/tools/arm-none-eabi-gcc/7-2017q4/bin/../lib/gcc/arm-none-eabi/7.2.1/../../../../arm-none-eabi/lib/thumb/v6-m/libc_nano.a(lib_a-mlock.o)
                0x00004a18                __malloc_unlock
 *fill*         0x00004a1a        0x2 
 .text.__ssputs_r
                0x00004a1c       0xc4 /home/pi/.arduino15/packages/arduino/tools/arm-none-eabi-gcc/7-2017q4/bin/../lib/gcc/arm-none-eabi/7.2.1/../../../../arm-none-eabi/lib/thumb/v6-m/libc_nano.a(lib_a-nano-svfprintf.o)
                0x00004a1c                __ssputs_r
 .text._svfprintf_r
                0x00004ae0      0x1fc /home/pi/.arduino15/packages/arduino/tools/arm-none-eabi-gcc/7-2017q4/bin/../lib/gcc/arm-none-eabi/7.2.1/../../../../arm-none-eabi/lib/thumb/v6-m/libc_nano.a(lib_a-nano-svfprintf.o)
                0x00004ae0                _svfprintf_r
                0x00004ae0                _svfiprintf_r
 .text._printf_common
                0x00004cdc       0xda /home/pi/.arduino15/packages/arduino/tools/arm-none-eabi-gcc/7-2017q4/bin/../lib/gcc/arm-none-eabi/7.2.1/../../../../arm-none-eabi/lib/thumb/v6-m/libc_nano.a(lib_a-nano-vfprintf_i.o)
                0x00004cdc                _printf_common
 *fill*         0x00004db6        0x2 
 .text._printf_i
                0x00004db8      0x210 /home/pi/.arduino15/packages/arduino/tools/arm-none-eabi-gcc/7-2017q4/bin/../lib/gcc/arm-none-eabi/7.2.1/../../../../arm-none-eabi/lib/thumb/v6-m/libc_nano.a(lib_a-nano-vfprintf_i.o)
                0x00004db8                _printf_i
 .text.memchr   0x00004fc8       0x16 /home/pi/.arduino15/packages/arduino/tools/arm-none-eabi-gcc/7-2017q4/bin/../lib/gcc/arm-none-eabi/7.2.1/../../../../arm-none-eabi/lib/thumb/v6-m/libc_nano.a(lib_a-memchr-stub.o)
                0x00004fc8                memchr
 .text.memmove  0x00004fde       0x26 /home/pi/.arduino15/packages/arduino/tools/arm-none-eabi-gcc/7-2017q4/bin/../lib/gcc/arm-none-eabi/7.2.1/../../../../arm-none-eabi/lib/thumb/v6-m/libc_nano.a(lib_a-memmove.o)
                0x00004fde                memmove
 .text._realloc_r
                0x00005004       0x4c /home/pi/.arduino15/packages/arduino/tools/arm-none-eabi-gcc/7-2017q4/bin/../lib/gcc/arm-none-eabi/7.2.1/../../../../arm-none-eabi/lib/thumb/v6-m/libc_nano.a(lib_a-nano-reallocr.o)
                0x00005004                _realloc_r
 .text._malloc_usable_size_r
                0x00005050       0x10 /home/pi/.arduino15/packages/arduino/tools/arm-none-eabi-gcc/7-2017q4/bin/../lib/gcc/arm-none-eabi/7.2.1/../../../../arm-none-eabi/lib/thumb/v6-m/libc_nano.a(lib_a-nano-msizer.o)
                0x00005050                _malloc_usable_size_r
 .text._sbrk    0x00005060       0x1c /home/pi/.arduino15/packages/arduino/tools/arm-none-eabi-gcc/7-2017q4/bin/../lib/gcc/arm-none-eabi/7.2.1/../../../../arm-none-eabi/lib/thumb/v6-m/libnosys.a(sbrk.o)
                0x00005060                _sbrk
 *(.init)
 .init          0x0000507c        0x4 /home/pi/.arduino15/packages/arduino/tools/arm-none-eabi-gcc/7-2017q4/bin/../lib/gcc/arm-none-eabi/7.2.1/thumb/v6-m/crti.o
                0x0000507c                _init
 .init          0x00005080        0x8 /home/pi/.arduino15/packages/arduino/tools/arm-none-eabi-gcc/7-2017q4/bin/../lib/gcc/arm-none-eabi/7.2.1/thumb/v6-m/crtn.o
 *(.fini)
 .fini          0x00005088        0x4 /home/pi/.arduino15/packages/arduino/tools/arm-none-eabi-gcc/7-2017q4/bin/../lib/gcc/arm-none-eabi/7.2.1/thumb/v6-m/crti.o
                0x00005088                _fini
 .fini          0x0000508c        0x8 /home/pi/.arduino15/packages/arduino/tools/arm-none-eabi-gcc/7-2017q4/bin/../lib/gcc/arm-none-eabi/7.2.1/thumb/v6-m/crtn.o
 *crtbegin.o(.ctors)
 *crtbegin?.o(.ctors)
 *(EXCLUDE_FILE(*crtend.o *crtend?.o) .ctors)
 *(SORT_BY_NAME(.ctors.*))
 *(.ctors)
 *crtbegin.o(.dtors)
 *crtbegin?.o(.dtors)
 *(EXCLUDE_FILE(*crtend.o *crtend?.o) .dtors)
 *(SORT_BY_NAME(.dtors.*))
 *(.dtors)
 *(.rodata*)
 .rodata.loop.str1.1
                0x00005094       0x1d /tmp/arduino-sketch-1C934003A53569F488A841265C42452E/sketch/tt485.ino.cpp.o
 *fill*         0x000050b1        0x3 
 .rodata._ZTV10RS485Class
                0x000050b4       0x34 /tmp/arduino-sketch-1C934003A53569F488A841265C42452E/libraries/ArduinoRS485/RS485.cpp.o
                0x000050b4                vtable for RS485Class
 .rodata.g_APinDescription
                0x000050e8      0x360 /tmp/arduino-sketch-1C934003A53569F488A841265C42452E/core/variant.cpp.o
                0x000050e8                g_APinDescription
 .rodata._ZN5Print7printlnEv.str1.1
                0x00005448        0x3 /tmp/arduino-sketch-1C934003A53569F488A841265C42452E/core/core.a(Print.cpp.o)
 *fill*         0x0000544b        0x1 
 .rodata._ZTV7Serial_
                0x0000544c       0x58 /tmp/arduino-sketch-1C934003A53569F488A841265C42452E/core/core.a(CDC.cpp.o)
                0x0000544c                vtable for Serial_
 .rodata._ZTV26DoubleBufferedEPOutHandler
                0x000054a4       0x24 /tmp/arduino-sketch-1C934003A53569F488A841265C42452E/core/core.a(USBCore.cpp.o)
                0x000054a4                vtable for DoubleBufferedEPOutHandler
 .rodata._ZL14STRING_PRODUCT
                0x000054c8       0x10 /tmp/arduino-sketch-1C934003A53569F488A841265C42452E/core/core.a(USBCore.cpp.o)
 .rodata._ZL15STRING_LANGUAGE
                0x000054d8        0x4 /tmp/arduino-sketch-1C934003A53569F488A841265C42452E/core/core.a(USBCore.cpp.o)
 .rodata._ZL19STRING_MANUFACTURER
                0x000054dc        0xc /tmp/arduino-sketch-1C934003A53569F488A841265C42452E/core/core.a(USBCore.cpp.o)
 .rodata._ZL21USB_DeviceDescriptorB
                0x000054e8       0x12 /tmp/arduino-sketch-1C934003A53569F488A841265C42452E/core/core.a(USBCore.cpp.o)
 *fill*         0x000054fa        0x2 
 .rodata._ZTV4Uart
                0x000054fc       0x34 /tmp/arduino-sketch-1C934003A53569F488A841265C42452E/core/core.a(Uart.cpp.o)
                0x000054fc                vtable for Uart
 .rodata._svfprintf_r.str1.1
                0x00005530       0x11 /home/pi/.arduino15/packages/arduino/tools/arm-none-eabi-gcc/7-2017q4/bin/../lib/gcc/arm-none-eabi/7.2.1/../../../../arm-none-eabi/lib/thumb/v6-m/libc_nano.a(lib_a-nano-svfprintf.o)
 .rodata._printf_i.str1.1
                0x00005541       0x22 /home/pi/.arduino15/packages/arduino/tools/arm-none-eabi-gcc/7-2017q4/bin/../lib/gcc/arm-none-eabi/7.2.1/../../../../arm-none-eabi/lib/thumb/v6-m/libc_nano.a(lib_a-nano-vfprintf_i.o)
 *(.eh_frame*)
 *fill*         0x00005563        0x1 
 .eh_frame      0x00005564        0x0 /home/pi/.arduino15/packages/arduino/tools/arm-none-eabi-gcc/7-2017q4/bin/../lib/gcc/arm-none-eabi/7.2.1/thumb/v6-m/crtbegin.o
 .eh_frame      0x00005564        0x4 /home/pi/.arduino15/packages/arduino/tools/arm-none-eabi-gcc/7-2017q4/bin/../lib/gcc/arm-none-eabi/7.2.1/thumb/v6-m/crtend.o

.glue_7         0x00005568        0x0
 .glue_7        0x00005568        0x0 linker stubs

.glue_7t        0x00005568        0x0
 .glue_7t       0x00005568        0x0 linker stubs

.vfp11_veneer   0x00005568        0x0
 .vfp11_veneer  0x00005568        0x0 linker stubs

.v4_bx          0x00005568        0x0
 .v4_bx         0x00005568        0x0 linker stubs

.iplt           0x00005568        0x0
 .iplt          0x00005568        0x0 /home/pi/.arduino15/packages/arduino/tools/arm-none-eabi-gcc/7-2017q4/bin/../lib/gcc/arm-none-eabi/7.2.1/thumb/v6-m/crtbegin.o

.rel.dyn        0x00005568        0x0
 .rel.iplt      0x00005568        0x0 /home/pi/.arduino15/packages/arduino/tools/arm-none-eabi-gcc/7-2017q4/bin/../lib/gcc/arm-none-eabi/7.2.1/thumb/v6-m/crtbegin.o

.ARM.extab
 *(.ARM.extab* .gnu.linkonce.armextab.*)
                0x00005568                __exidx_start = .

.ARM.exidx
 *(.ARM.exidx* .gnu.linkonce.armexidx.*)
                0x00005568                __exidx_end = .
                0x00005568                __etext = .

.data           0x20000000       0xa0 load address 0x00005568
                0x20000000                __data_start__ = .
 *(vtable)
 *(.data*)
 .data.SystemCoreClock
                0x20000000        0x4 /tmp/arduino-sketch-1C934003A53569F488A841265C42452E/core/core.a(wiring.c.o)
                0x20000000                SystemCoreClock
 .data._ZL5ticks
                0x20000004        0x4 /tmp/arduino-sketch-1C934003A53569F488A841265C42452E/core/core.a(Reset.cpp.o)
 .data._ZL10breakValue
                0x20000008        0x4 /tmp/arduino-sketch-1C934003A53569F488A841265C42452E/core/core.a(CDC.cpp.o)
 .data._ZL12_usbLineInfo
                0x2000000c        0x8 /tmp/arduino-sketch-1C934003A53569F488A841265C42452E/core/core.a(CDC.cpp.o)
 .data._serialPeek
                0x20000014        0x4 /tmp/arduino-sketch-1C934003A53569F488A841265C42452E/core/core.a(CDC.cpp.o)
                0x20000014                _serialPeek
 .data._impure_ptr
                0x20000018        0x4 /home/pi/.arduino15/packages/arduino/tools/arm-none-eabi-gcc/7-2017q4/bin/../lib/gcc/arm-none-eabi/7.2.1/../../../../arm-none-eabi/lib/thumb/v6-m/libc_nano.a(lib_a-impure.o)
                0x20000018                _impure_ptr
 .data.impure_data
                0x2000001c       0x60 /home/pi/.arduino15/packages/arduino/tools/arm-none-eabi-gcc/7-2017q4/bin/../lib/gcc/arm-none-eabi/7.2.1/../../../../arm-none-eabi/lib/thumb/v6-m/libc_nano.a(lib_a-impure.o)
                0x2000007c                . = ALIGN (0x4)
                0x2000007c                PROVIDE (__preinit_array_start, .)
 *(.preinit_array)
                0x2000007c                PROVIDE (__preinit_array_end, .)
                0x2000007c                . = ALIGN (0x4)
                0x2000007c                PROVIDE (__init_array_start, .)
 *(SORT_BY_NAME(.init_array.*))
 *(.init_array)
 .init_array    0x2000007c        0x4 /home/pi/.arduino15/packages/arduino/tools/arm-none-eabi-gcc/7-2017q4/bin/../lib/gcc/arm-none-eabi/7.2.1/thumb/v6-m/crtbegin.o
 .init_array    0x20000080        0x4 /tmp/arduino-sketch-1C934003A53569F488A841265C42452E/libraries/ArduinoRS485/RS485.cpp.o
 .init_array    0x20000084        0x4 /tmp/arduino-sketch-1C934003A53569F488A841265C42452E/core/variant.cpp.o
 .init_array    0x20000088        0x4 /tmp/arduino-sketch-1C934003A53569F488A841265C42452E/core/core.a(CDC.cpp.o)
 .init_array    0x2000008c        0x4 /tmp/arduino-sketch-1C934003A53569F488A841265C42452E/core/core.a(USBCore.cpp.o)
                0x20000090                PROVIDE (__init_array_end, .)
                0x20000090                . = ALIGN (0x4)
                [!provide]                PROVIDE (__fini_array_start, .)
 *(SORT_BY_NAME(.fini_array.*))
 *(.fini_array)
 .fini_array    0x20000090        0x4 /home/pi/.arduino15/packages/arduino/tools/arm-none-eabi-gcc/7-2017q4/bin/../lib/gcc/arm-none-eabi/7.2.1/thumb/v6-m/crtbegin.o
                [!provide]                PROVIDE (__fini_array_end, .)
 *(.jcr*)
                0x200000a0                . = ALIGN (0x10)
 *fill*         0x20000094        0xc 
                0x200000a0                __data_end__ = .

.igot.plt       0x200000a0        0x0 load address 0x00005608
 .igot.plt      0x200000a0        0x0 /home/pi/.arduino15/packages/arduino/tools/arm-none-eabi-gcc/7-2017q4/bin/../lib/gcc/arm-none-eabi/7.2.1/thumb/v6-m/crtbegin.o

.bss            0x200000a0      0xa30 load address 0x00005608
                0x200000a0                . = ALIGN (0x4)
                0x200000a0                __bss_start__ = .
 *(.bss*)
 .bss           0x200000a0       0x1c /home/pi/.arduino15/packages/arduino/tools/arm-none-eabi-gcc/7-2017q4/bin/../lib/gcc/arm-none-eabi/7.2.1/thumb/v6-m/crtbegin.o
 .bss.bytehex   0x200000bc        0x3 /tmp/arduino-sketch-1C934003A53569F488A841265C42452E/sketch/tt485.ino.cpp.o
                0x200000bc                bytehex
 .bss.mbobuf    0x200000bf       0x50 /tmp/arduino-sketch-1C934003A53569F488A841265C42452E/sketch/tt485.ino.cpp.o
                0x200000bf                mbobuf
 .bss.srbuf     0x2000010f      0x100 /tmp/arduino-sketch-1C934003A53569F488A841265C42452E/sketch/tt485.ino.cpp.o
                0x2000010f                srbuf
 *fill*         0x2000020f        0x1 
 .bss.srptr     0x20000210        0x4 /tmp/arduino-sketch-1C934003A53569F488A841265C42452E/sketch/tt485.ino.cpp.o
                0x20000210                srptr
 .bss.RS485     0x20000214       0x2c /tmp/arduino-sketch-1C934003A53569F488A841265C42452E/libraries/ArduinoRS485/RS485.cpp.o
                0x20000214                RS485
 .bss.Serial1   0x20000240      0x23c /tmp/arduino-sketch-1C934003A53569F488A841265C42452E/core/variant.cpp.o
                0x20000240                Serial1
 .bss.sercom0   0x2000047c        0x4 /tmp/arduino-sketch-1C934003A53569F488A841265C42452E/core/variant.cpp.o
                0x2000047c                sercom0
 .bss.sercom1   0x20000480        0x4 /tmp/arduino-sketch-1C934003A53569F488A841265C42452E/core/variant.cpp.o
                0x20000480                sercom1
 .bss.sercom2   0x20000484        0x4 /tmp/arduino-sketch-1C934003A53569F488A841265C42452E/core/variant.cpp.o
                0x20000484                sercom2
 .bss.sercom3   0x20000488        0x4 /tmp/arduino-sketch-1C934003A53569F488A841265C42452E/core/variant.cpp.o
                0x20000488                sercom3
 .bss.sercom4   0x2000048c        0x4 /tmp/arduino-sketch-1C934003A53569F488A841265C42452E/core/variant.cpp.o
                0x2000048c                sercom4
 .bss.sercom5   0x20000490        0x4 /tmp/arduino-sketch-1C934003A53569F488A841265C42452E/core/variant.cpp.o
                0x20000490                sercom5
 .bss.usb_isr   0x20000494        0x4 /tmp/arduino-sketch-1C934003A53569F488A841265C42452E/core/core.a(cortex_handlers.c.o)
 .bss._ulTickCount
                0x20000498        0x4 /tmp/arduino-sketch-1C934003A53569F488A841265C42452E/core/core.a(delay.c.o)
 .bss.SerialUSB
                0x2000049c       0x34 /tmp/arduino-sketch-1C934003A53569F488A841265C42452E/core/core.a(CDC.cpp.o)
                0x2000049c                SerialUSB
 .bss._ZGVZ12PluggableUSBvE3obj
                0x200004d0        0x4 /tmp/arduino-sketch-1C934003A53569F488A841265C42452E/core/core.a(PluggableUSB.cpp.o)
 .bss._ZZ12PluggableUSBvE3obj
                0x200004d4        0x8 /tmp/arduino-sketch-1C934003A53569F488A841265C42452E/core/core.a(PluggableUSB.cpp.o)
 .bss.EndPoints
                0x200004dc       0x28 /tmp/arduino-sketch-1C934003A53569F488A841265C42452E/core/core.a(USBCore.cpp.o)
                0x200004dc                EndPoints
 .bss.USBDevice
                0x20000504        0x1 /tmp/arduino-sketch-1C934003A53569F488A841265C42452E/core/core.a(USBCore.cpp.o)
                0x20000504                USBDevice
 *fill*         0x20000505        0x3 
 .bss._ZL10epHandlers
                0x20000508       0x1c /tmp/arduino-sketch-1C934003A53569F488A841265C42452E/core/core.a(USBCore.cpp.o)
 .bss._ZL14isEndpointHalt
                0x20000524        0x1 /tmp/arduino-sketch-1C934003A53569F488A841265C42452E/core/core.a(USBCore.cpp.o)
 .bss._ZL20LastTransmitTimedOut
                0x20000525        0x7 /tmp/arduino-sketch-1C934003A53569F488A841265C42452E/core/core.a(USBCore.cpp.o)
 .bss._ZL21isRemoteWakeUpEnabled
                0x2000052c        0x1 /tmp/arduino-sketch-1C934003A53569F488A841265C42452E/core/core.a(USBCore.cpp.o)
 *fill*         0x2000052d        0x3 
 .bss._ZL22udd_ep_in_cache_buffer
                0x20000530      0x1c0 /tmp/arduino-sketch-1C934003A53569F488A841265C42452E/core/core.a(USBCore.cpp.o)
 .bss._ZL23udd_ep_out_cache_buffer
                0x200006f0      0x1c0 /tmp/arduino-sketch-1C934003A53569F488A841265C42452E/core/core.a(USBCore.cpp.o)
 .bss._dry_run  0x200008b0        0x1 /tmp/arduino-sketch-1C934003A53569F488A841265C42452E/core/core.a(USBCore.cpp.o)
                0x200008b0                _dry_run
 .bss._pack_buffer
                0x200008b1      0x100 /tmp/arduino-sketch-1C934003A53569F488A841265C42452E/core/core.a(USBCore.cpp.o)
                0x200008b1                _pack_buffer
 .bss._pack_message
                0x200009b1        0x1 /tmp/arduino-sketch-1C934003A53569F488A841265C42452E/core/core.a(USBCore.cpp.o)
                0x200009b1                _pack_message
 .bss._pack_size
                0x200009b2        0x2 /tmp/arduino-sketch-1C934003A53569F488A841265C42452E/core/core.a(USBCore.cpp.o)
                0x200009b2                _pack_size
 .bss._usbConfiguration
                0x200009b4        0x4 /tmp/arduino-sketch-1C934003A53569F488A841265C42452E/core/core.a(USBCore.cpp.o)
                0x200009b4                _usbConfiguration
 .bss._usbSetInterface
                0x200009b8        0x4 /tmp/arduino-sketch-1C934003A53569F488A841265C42452E/core/core.a(USBCore.cpp.o)
                0x200009b8                _usbSetInterface
 .bss.usbd      0x200009bc      0x104 /tmp/arduino-sketch-1C934003A53569F488A841265C42452E/core/core.a(USBCore.cpp.o)
                0x200009bc                usbd
 .bss.__malloc_free_list
                0x20000ac0        0x4 /home/pi/.arduino15/packages/arduino/tools/arm-none-eabi-gcc/7-2017q4/bin/../lib/gcc/arm-none-eabi/7.2.1/../../../../arm-none-eabi/lib/thumb/v6-m/libc_nano.a(lib_a-nano-mallocr.o)
                0x20000ac0                __malloc_free_list
 .bss.__malloc_sbrk_start
                0x20000ac4        0x4 /home/pi/.arduino15/packages/arduino/tools/arm-none-eabi-gcc/7-2017q4/bin/../lib/gcc/arm-none-eabi/7.2.1/../../../../arm-none-eabi/lib/thumb/v6-m/libc_nano.a(lib_a-nano-mallocr.o)
                0x20000ac4                __malloc_sbrk_start
 .bss.heap_end.4102
                0x20000ac8        0x4 /home/pi/.arduino15/packages/arduino/tools/arm-none-eabi-gcc/7-2017q4/bin/../lib/gcc/arm-none-eabi/7.2.1/../../../../arm-none-eabi/lib/thumb/v6-m/libnosys.a(sbrk.o)
 *(COMMON)
 COMMON         0x20000acc        0x4 /home/pi/.arduino15/packages/arduino/tools/arm-none-eabi-gcc/7-2017q4/bin/../lib/gcc/arm-none-eabi/7.2.1/../../../../arm-none-eabi/lib/thumb/v6-m/libc_nano.a(lib_a-reent.o)
                0x20000acc                errno
                0x20000ad0                . = ALIGN (0x4)
                0x20000ad0                __bss_end__ = .

.heap           0x20000ad0        0x0
                0x20000ad0                __end__ = .
                0x20000ad0                PROVIDE (end, .)
 *(.heap*)
                0x20000ad0                __HeapLimit = .

.stack_dummy    0x20000ad0        0x0
 *(.stack*)
                0x20008000                __StackTop = (ORIGIN (RAM) + LENGTH (RAM))
                0x20008000                __StackLimit = (__StackTop - SIZEOF (.stack_dummy))
                0x20008000                PROVIDE (__stack, __StackTop)
                0x20007fff                __ram_end__ = ((ORIGIN (RAM) + LENGTH (RAM)) - 0x1)
                0x00000001                ASSERT ((__StackLimit >= __HeapLimit), region RAM overflowed with stack)
OUTPUT(/tmp/arduino-sketch-1C934003A53569F488A841265C42452E/tt485.ino.elf elf32-littlearm)

.ARM.attributes
                0x00000000       0x28
 .ARM.attributes
                0x00000000       0x1e /home/pi/.arduino15/packages/arduino/tools/arm-none-eabi-gcc/7-2017q4/bin/../lib/gcc/arm-none-eabi/7.2.1/thumb/v6-m/crti.o
 .ARM.attributes
                0x0000001e       0x2c /home/pi/.arduino15/packages/arduino/tools/arm-none-eabi-gcc/7-2017q4/bin/../lib/gcc/arm-none-eabi/7.2.1/thumb/v6-m/crtbegin.o
 .ARM.attributes
                0x0000004a       0x32 /tmp/arduino-sketch-1C934003A53569F488A841265C42452E/sketch/tt485.ino.cpp.o
 .ARM.attributes
                0x0000007c       0x32 /tmp/arduino-sketch-1C934003A53569F488A841265C42452E/libraries/ArduinoRS485/RS485.cpp.o
 .ARM.attributes
                0x000000ae       0x32 /tmp/arduino-sketch-1C934003A53569F488A841265C42452E/core/variant.cpp.o
 .ARM.attributes
                0x000000e0       0x32 /tmp/arduino-sketch-1C934003A53569F488A841265C42452E/core/core.a(cortex_handlers.c.o)
 .ARM.attributes
                0x00000112       0x32 /tmp/arduino-sketch-1C934003A53569F488A841265C42452E/core/core.a(delay.c.o)
 .ARM.attributes
                0x00000144       0x32 /tmp/arduino-sketch-1C934003A53569F488A841265C42452E/core/core.a(hooks.c.o)
 .ARM.attributes
                0x00000176       0x32 /tmp/arduino-sketch-1C934003A53569F488A841265C42452E/core/core.a(startup.c.o)
 .ARM.attributes
                0x000001a8       0x32 /tmp/arduino-sketch-1C934003A53569F488A841265C42452E/core/core.a(wiring.c.o)
 .ARM.attributes
                0x000001da       0x32 /tmp/arduino-sketch-1C934003A53569F488A841265C42452E/core/core.a(wiring_analog.c.o)
 .ARM.attributes
                0x0000020c       0x32 /tmp/arduino-sketch-1C934003A53569F488A841265C42452E/core/core.a(wiring_digital.c.o)
 .ARM.attributes
                0x0000023e       0x32 /tmp/arduino-sketch-1C934003A53569F488A841265C42452E/core/core.a(wiring_private.c.o)
 .ARM.attributes
                0x00000270       0x32 /tmp/arduino-sketch-1C934003A53569F488A841265C42452E/core/core.a(Print.cpp.o)
 .ARM.attributes
                0x000002a2       0x32 /tmp/arduino-sketch-1C934003A53569F488A841265C42452E/core/core.a(Reset.cpp.o)
 .ARM.attributes
                0x000002d4       0x32 /tmp/arduino-sketch-1C934003A53569F488A841265C42452E/core/core.a(SERCOM.cpp.o)
 .ARM.attributes
                0x00000306       0x32 /tmp/arduino-sketch-1C934003A53569F488A841265C42452E/core/core.a(CDC.cpp.o)
 .ARM.attributes
                0x00000338       0x32 /tmp/arduino-sketch-1C934003A53569F488A841265C42452E/core/core.a(PluggableUSB.cpp.o)
 .ARM.attributes
                0x0000036a       0x32 /tmp/arduino-sketch-1C934003A53569F488A841265C42452E/core/core.a(USBCore.cpp.o)
 .ARM.attributes
                0x0000039c       0x32 /tmp/arduino-sketch-1C934003A53569F488A841265C42452E/core/core.a(Uart.cpp.o)
 .ARM.attributes
                0x000003ce       0x32 /tmp/arduino-sketch-1C934003A53569F488A841265C42452E/core/core.a(main.cpp.o)
 .ARM.attributes
                0x00000400       0x32 /tmp/arduino-sketch-1C934003A53569F488A841265C42452E/core/core.a(new.cpp.o)
 .ARM.attributes
                0x00000432       0x1e /home/pi/.arduino15/packages/arduino/tools/arm-none-eabi-gcc/7-2017q4/bin/../lib/gcc/arm-none-eabi/7.2.1/thumb/v6-m/libgcc.a(_thumb1_case_uqi.o)
 .ARM.attributes
                0x00000450       0x1e /home/pi/.arduino15/packages/arduino/tools/arm-none-eabi-gcc/7-2017q4/bin/../lib/gcc/arm-none-eabi/7.2.1/thumb/v6-m/libgcc.a(_udivsi3.o)
 .ARM.attributes
                0x0000046e       0x1e /home/pi/.arduino15/packages/arduino/tools/arm-none-eabi-gcc/7-2017q4/bin/../lib/gcc/arm-none-eabi/7.2.1/thumb/v6-m/libgcc.a(_dvmd_tls.o)
 .ARM.attributes
                0x0000048c       0x2c /home/pi/.arduino15/packages/arduino/tools/arm-none-eabi-gcc/7-2017q4/bin/../lib/gcc/arm-none-eabi/7.2.1/../../../../arm-none-eabi/lib/thumb/v6-m/libc_nano.a(lib_a-impure.o)
 .ARM.attributes
                0x000004b8       0x2c /home/pi/.arduino15/packages/arduino/tools/arm-none-eabi-gcc/7-2017q4/bin/../lib/gcc/arm-none-eabi/7.2.1/../../../../arm-none-eabi/lib/thumb/v6-m/libc_nano.a(lib_a-init.o)
 .ARM.attributes
                0x000004e4       0x2c /home/pi/.arduino15/packages/arduino/tools/arm-none-eabi-gcc/7-2017q4/bin/../lib/gcc/arm-none-eabi/7.2.1/../../../../arm-none-eabi/lib/thumb/v6-m/libc_nano.a(lib_a-malloc.o)
 .ARM.attributes
                0x00000510       0x2c /home/pi/.arduino15/packages/arduino/tools/arm-none-eabi-gcc/7-2017q4/bin/../lib/gcc/arm-none-eabi/7.2.1/../../../../arm-none-eabi/lib/thumb/v6-m/libc_nano.a(lib_a-memcpy-stub.o)
 .ARM.attributes
                0x0000053c       0x2c /home/pi/.arduino15/packages/arduino/tools/arm-none-eabi-gcc/7-2017q4/bin/../lib/gcc/arm-none-eabi/7.2.1/../../../../arm-none-eabi/lib/thumb/v6-m/libc_nano.a(lib_a-memset.o)
 .ARM.attributes
                0x00000568       0x2c /home/pi/.arduino15/packages/arduino/tools/arm-none-eabi-gcc/7-2017q4/bin/../lib/gcc/arm-none-eabi/7.2.1/../../../../arm-none-eabi/lib/thumb/v6-m/libc_nano.a(lib_a-nano-freer.o)
 .ARM.attributes
                0x00000594       0x2c /home/pi/.arduino15/packages/arduino/tools/arm-none-eabi-gcc/7-2017q4/bin/../lib/gcc/arm-none-eabi/7.2.1/../../../../arm-none-eabi/lib/thumb/v6-m/libc_nano.a(lib_a-nano-mallocr.o)
 .ARM.attributes
                0x000005c0       0x2c /home/pi/.arduino15/packages/arduino/tools/arm-none-eabi-gcc/7-2017q4/bin/../lib/gcc/arm-none-eabi/7.2.1/../../../../arm-none-eabi/lib/thumb/v6-m/libc_nano.a(lib_a-sbrkr.o)
 .ARM.attributes
                0x000005ec       0x2c /home/pi/.arduino15/packages/arduino/tools/arm-none-eabi-gcc/7-2017q4/bin/../lib/gcc/arm-none-eabi/7.2.1/../../../../arm-none-eabi/lib/thumb/v6-m/libc_nano.a(lib_a-sprintf.o)
 .ARM.attributes
                0x00000618       0x1c /home/pi/.arduino15/packages/arduino/tools/arm-none-eabi-gcc/7-2017q4/bin/../lib/gcc/arm-none-eabi/7.2.1/../../../../arm-none-eabi/lib/thumb/v6-m/libc_nano.a(lib_a-strlen.o)
 .ARM.attributes
                0x00000634       0x2c /home/pi/.arduino15/packages/arduino/tools/arm-none-eabi-gcc/7-2017q4/bin/../lib/gcc/arm-none-eabi/7.2.1/../../../../arm-none-eabi/lib/thumb/v6-m/libc_nano.a(lib_a-mlock.o)
 .ARM.attributes
                0x00000660       0x2c /home/pi/.arduino15/packages/arduino/tools/arm-none-eabi-gcc/7-2017q4/bin/../lib/gcc/arm-none-eabi/7.2.1/../../../../arm-none-eabi/lib/thumb/v6-m/libc_nano.a(lib_a-nano-svfprintf.o)
 .ARM.attributes
                0x0000068c       0x2c /home/pi/.arduino15/packages/arduino/tools/arm-none-eabi-gcc/7-2017q4/bin/../lib/gcc/arm-none-eabi/7.2.1/../../../../arm-none-eabi/lib/thumb/v6-m/libc_nano.a(lib_a-nano-vfprintf_i.o)
 .ARM.attributes
                0x000006b8       0x2c /home/pi/.arduino15/packages/arduino/tools/arm-none-eabi-gcc/7-2017q4/bin/../lib/gcc/arm-none-eabi/7.2.1/../../../../arm-none-eabi/lib/thumb/v6-m/libc_nano.a(lib_a-reent.o)
 .ARM.attributes
                0x000006e4       0x2c /home/pi/.arduino15/packages/arduino/tools/arm-none-eabi-gcc/7-2017q4/bin/../lib/gcc/arm-none-eabi/7.2.1/../../../../arm-none-eabi/lib/thumb/v6-m/libc_nano.a(lib_a-memchr-stub.o)
 .ARM.attributes
                0x00000710       0x2c /home/pi/.arduino15/packages/arduino/tools/arm-none-eabi-gcc/7-2017q4/bin/../lib/gcc/arm-none-eabi/7.2.1/../../../../arm-none-eabi/lib/thumb/v6-m/libc_nano.a(lib_a-memmove.o)
 .ARM.attributes
                0x0000073c       0x2c /home/pi/.arduino15/packages/arduino/tools/arm-none-eabi-gcc/7-2017q4/bin/../lib/gcc/arm-none-eabi/7.2.1/../../../../arm-none-eabi/lib/thumb/v6-m/libc_nano.a(lib_a-nano-reallocr.o)
 .ARM.attributes
                0x00000768       0x2c /home/pi/.arduino15/packages/arduino/tools/arm-none-eabi-gcc/7-2017q4/bin/../lib/gcc/arm-none-eabi/7.2.1/../../../../arm-none-eabi/lib/thumb/v6-m/libc_nano.a(lib_a-nano-msizer.o)
 .ARM.attributes
                0x00000794       0x2c /home/pi/.arduino15/packages/arduino/tools/arm-none-eabi-gcc/7-2017q4/bin/../lib/gcc/arm-none-eabi/7.2.1/../../../../arm-none-eabi/lib/thumb/v6-m/libnosys.a(sbrk.o)
 .ARM.attributes
                0x000007c0       0x2c /home/pi/.arduino15/packages/arduino/tools/arm-none-eabi-gcc/7-2017q4/bin/../lib/gcc/arm-none-eabi/7.2.1/thumb/v6-m/crtend.o
 .ARM.attributes
                0x000007ec       0x1e /home/pi/.arduino15/packages/arduino/tools/arm-none-eabi-gcc/7-2017q4/bin/../lib/gcc/arm-none-eabi/7.2.1/thumb/v6-m/crtn.o

.comment        0x00000000       0x7e
 .comment       0x00000000       0x7e /tmp/arduino-sketch-1C934003A53569F488A841265C42452E/sketch/tt485.ino.cpp.o
                                 0x7f (size before relaxing)
 .comment       0x0000007e       0x7f /tmp/arduino-sketch-1C934003A53569F488A841265C42452E/libraries/ArduinoRS485/RS485.cpp.o
 .comment       0x0000007e       0x7f /tmp/arduino-sketch-1C934003A53569F488A841265C42452E/core/variant.cpp.o
 .comment       0x0000007e       0x7f /tmp/arduino-sketch-1C934003A53569F488A841265C42452E/core/core.a(cortex_handlers.c.o)
 .comment       0x0000007e       0x7f /tmp/arduino-sketch-1C934003A53569F488A841265C42452E/core/core.a(delay.c.o)
 .comment       0x0000007e       0x7f /tmp/arduino-sketch-1C934003A53569F488A841265C42452E/core/core.a(hooks.c.o)
 .comment       0x0000007e       0x7f /tmp/arduino-sketch-1C934003A53569F488A841265C42452E/core/core.a(startup.c.o)
 .comment       0x0000007e       0x7f /tmp/arduino-sketch-1C934003A53569F488A841265C42452E/core/core.a(wiring.c.o)
 .comment       0x0000007e       0x7f /tmp/arduino-sketch-1C934003A53569F488A841265C42452E/core/core.a(wiring_analog.c.o)
 .comment       0x0000007e       0x7f /tmp/arduino-sketch-1C934003A53569F488A841265C42452E/core/core.a(wiring_digital.c.o)
 .comment       0x0000007e       0x7f /tmp/arduino-sketch-1C934003A53569F488A841265C42452E/core/core.a(wiring_private.c.o)
 .comment       0x0000007e       0x7f /tmp/arduino-sketch-1C934003A53569F488A841265C42452E/core/core.a(Print.cpp.o)
 .comment       0x0000007e       0x7f /tmp/arduino-sketch-1C934003A53569F488A841265C42452E/core/core.a(Reset.cpp.o)
 .comment       0x0000007e       0x7f /tmp/arduino-sketch-1C934003A53569F488A841265C42452E/core/core.a(SERCOM.cpp.o)
 .comment       0x0000007e       0x7f /tmp/arduino-sketch-1C934003A53569F488A841265C42452E/core/core.a(CDC.cpp.o)
 .comment       0x0000007e       0x7f /tmp/arduino-sketch-1C934003A53569F488A841265C42452E/core/core.a(PluggableUSB.cpp.o)
 .comment       0x0000007e       0x7f /tmp/arduino-sketch-1C934003A53569F488A841265C42452E/core/core.a(USBCore.cpp.o)
 .comment       0x0000007e       0x7f /tmp/arduino-sketch-1C934003A53569F488A841265C42452E/core/core.a(Uart.cpp.o)
 .comment       0x0000007e       0x7f /tmp/arduino-sketch-1C934003A53569F488A841265C42452E/core/core.a(main.cpp.o)
 .comment       0x0000007e       0x7f /tmp/arduino-sketch-1C934003A53569F488A841265C42452E/core/core.a(new.cpp.o)

.debug_info     0x00000000    0x58de7
 .debug_info    0x00000000     0x4e17 /tmp/arduino-sketch-1C934003A53569F488A841265C42452E/sketch/tt485.ino.cpp.o
 .debug_info    0x00004e17     0x69ec /tmp/arduino-sketch-1C934003A53569F488A841265C42452E/libraries/ArduinoRS485/RS485.cpp.o
 .debug_info    0x0000b803     0x63ae /tmp/arduino-sketch-1C934003A53569F488A841265C42452E/core/variant.cpp.o
 .debug_info    0x00011bb1     0x10f5 /tmp/arduino-sketch-1C934003A53569F488A841265C42452E/core/core.a(cortex_handlers.c.o)
 .debug_info    0x00012ca6     0x1389 /tmp/arduino-sketch-1C934003A53569F488A841265C42452E/core/core.a(delay.c.o)
 .debug_info    0x0001402f       0x64 /tmp/arduino-sketch-1C934003A53569F488A841265C42452E/core/core.a(hooks.c.o)
 .debug_info    0x00014093     0x34b7 /tmp/arduino-sketch-1C934003A53569F488A841265C42452E/core/core.a(startup.c.o)
 .debug_info    0x0001754a     0x2d63 /tmp/arduino-sketch-1C934003A53569F488A841265C42452E/core/core.a(wiring.c.o)
 .debug_info    0x0001a2ad     0x4eef /tmp/arduino-sketch-1C934003A53569F488A841265C42452E/core/core.a(wiring_analog.c.o)
 .debug_info    0x0001f19c     0x17e3 /tmp/arduino-sketch-1C934003A53569F488A841265C42452E/core/core.a(wiring_digital.c.o)
 .debug_info    0x0002097f     0x17ce /tmp/arduino-sketch-1C934003A53569F488A841265C42452E/core/core.a(wiring_private.c.o)
 .debug_info    0x0002214d     0x712a /tmp/arduino-sketch-1C934003A53569F488A841265C42452E/core/core.a(Print.cpp.o)
 .debug_info    0x00029277     0x5023 /tmp/arduino-sketch-1C934003A53569F488A841265C42452E/core/core.a(Reset.cpp.o)
 .debug_info    0x0002e29a     0x5f3c /tmp/arduino-sketch-1C934003A53569F488A841265C42452E/core/core.a(SERCOM.cpp.o)
 .debug_info    0x000341d6     0x98cd /tmp/arduino-sketch-1C934003A53569F488A841265C42452E/core/core.a(CDC.cpp.o)
 .debug_info    0x0003daa3     0x1a87 /tmp/arduino-sketch-1C934003A53569F488A841265C42452E/core/core.a(PluggableUSB.cpp.o)
 .debug_info    0x0003f52a     0xc5df /tmp/arduino-sketch-1C934003A53569F488A841265C42452E/core/core.a(USBCore.cpp.o)
 .debug_info    0x0004bb09     0x7942 /tmp/arduino-sketch-1C934003A53569F488A841265C42452E/core/core.a(Uart.cpp.o)
 .debug_info    0x0005344b     0x4a61 /tmp/arduino-sketch-1C934003A53569F488A841265C42452E/core/core.a(main.cpp.o)
 .debug_info    0x00057eac      0xf3b /tmp/arduino-sketch-1C934003A53569F488A841265C42452E/core/core.a(new.cpp.o)

.debug_abbrev   0x00000000     0x6bdd
 .debug_abbrev  0x00000000      0x5ae /tmp/arduino-sketch-1C934003A53569F488A841265C42452E/sketch/tt485.ino.cpp.o
 .debug_abbrev  0x000005ae      0x7a4 /tmp/arduino-sketch-1C934003A53569F488A841265C42452E/libraries/ArduinoRS485/RS485.cpp.o
 .debug_abbrev  0x00000d52      0x51d /tmp/arduino-sketch-1C934003A53569F488A841265C42452E/core/variant.cpp.o
 .debug_abbrev  0x0000126f      0x29a /tmp/arduino-sketch-1C934003A53569F488A841265C42452E/core/core.a(cortex_handlers.c.o)
 .debug_abbrev  0x00001509      0x304 /tmp/arduino-sketch-1C934003A53569F488A841265C42452E/core/core.a(delay.c.o)
 .debug_abbrev  0x0000180d       0x49 /tmp/arduino-sketch-1C934003A53569F488A841265C42452E/core/core.a(hooks.c.o)
 .debug_abbrev  0x00001856      0x2ac /tmp/arduino-sketch-1C934003A53569F488A841265C42452E/core/core.a(startup.c.o)
 .debug_abbrev  0x00001b02      0x3a1 /tmp/arduino-sketch-1C934003A53569F488A841265C42452E/core/core.a(wiring.c.o)
 .debug_abbrev  0x00001ea3      0x47e /tmp/arduino-sketch-1C934003A53569F488A841265C42452E/core/core.a(wiring_analog.c.o)
 .debug_abbrev  0x00002321      0x330 /tmp/arduino-sketch-1C934003A53569F488A841265C42452E/core/core.a(wiring_digital.c.o)
 .debug_abbrev  0x00002651      0x31c /tmp/arduino-sketch-1C934003A53569F488A841265C42452E/core/core.a(wiring_private.c.o)
 .debug_abbrev  0x0000296d      0x826 /tmp/arduino-sketch-1C934003A53569F488A841265C42452E/core/core.a(Print.cpp.o)
 .debug_abbrev  0x00003193      0x5b4 /tmp/arduino-sketch-1C934003A53569F488A841265C42452E/core/core.a(Reset.cpp.o)
 .debug_abbrev  0x00003747      0x786 /tmp/arduino-sketch-1C934003A53569F488A841265C42452E/core/core.a(SERCOM.cpp.o)
 .debug_abbrev  0x00003ecd      0xade /tmp/arduino-sketch-1C934003A53569F488A841265C42452E/core/core.a(CDC.cpp.o)
 .debug_abbrev  0x000049ab      0x550 /tmp/arduino-sketch-1C934003A53569F488A841265C42452E/core/core.a(PluggableUSB.cpp.o)
 .debug_abbrev  0x00004efb      0xc1d /tmp/arduino-sketch-1C934003A53569F488A841265C42452E/core/core.a(USBCore.cpp.o)
 .debug_abbrev  0x00005b18      0x8a2 /tmp/arduino-sketch-1C934003A53569F488A841265C42452E/core/core.a(Uart.cpp.o)
 .debug_abbrev  0x000063ba      0x522 /tmp/arduino-sketch-1C934003A53569F488A841265C42452E/core/core.a(main.cpp.o)
 .debug_abbrev  0x000068dc      0x301 /tmp/arduino-sketch-1C934003A53569F488A841265C42452E/core/core.a(new.cpp.o)

.debug_loc      0x00000000     0x6b67
 .debug_loc     0x00000000      0x113 /tmp/arduino-sketch-1C934003A53569F488A841265C42452E/sketch/tt485.ino.cpp.o
 .debug_loc     0x00000113      0x4de /tmp/arduino-sketch-1C934003A53569F488A841265C42452E/libraries/ArduinoRS485/RS485.cpp.o
 .debug_loc     0x000005f1       0x2a /tmp/arduino-sketch-1C934003A53569F488A841265C42452E/core/variant.cpp.o
 .debug_loc     0x0000061b       0x3c /tmp/arduino-sketch-1C934003A53569F488A841265C42452E/core/core.a(cortex_handlers.c.o)
 .debug_loc     0x00000657       0xfb /tmp/arduino-sketch-1C934003A53569F488A841265C42452E/core/core.a(delay.c.o)
 .debug_loc     0x00000752       0x2e /tmp/arduino-sketch-1C934003A53569F488A841265C42452E/core/core.a(startup.c.o)
 .debug_loc     0x00000780       0xab /tmp/arduino-sketch-1C934003A53569F488A841265C42452E/core/core.a(wiring.c.o)
 .debug_loc     0x0000082b      0x4cc /tmp/arduino-sketch-1C934003A53569F488A841265C42452E/core/core.a(wiring_analog.c.o)
 .debug_loc     0x00000cf7      0x12c /tmp/arduino-sketch-1C934003A53569F488A841265C42452E/core/core.a(wiring_digital.c.o)
 .debug_loc     0x00000e23      0x131 /tmp/arduino-sketch-1C934003A53569F488A841265C42452E/core/core.a(wiring_private.c.o)
 .debug_loc     0x00000f54     0x139e /tmp/arduino-sketch-1C934003A53569F488A841265C42452E/core/core.a(Print.cpp.o)
 .debug_loc     0x000022f2       0x2d /tmp/arduino-sketch-1C934003A53569F488A841265C42452E/core/core.a(Reset.cpp.o)
 .debug_loc     0x0000231f      0xb3f /tmp/arduino-sketch-1C934003A53569F488A841265C42452E/core/core.a(SERCOM.cpp.o)
 .debug_loc     0x00002e5e      0x806 /tmp/arduino-sketch-1C934003A53569F488A841265C42452E/core/core.a(CDC.cpp.o)
 .debug_loc     0x00003664      0x2c7 /tmp/arduino-sketch-1C934003A53569F488A841265C42452E/core/core.a(PluggableUSB.cpp.o)
 .debug_loc     0x0000392b     0x27b7 /tmp/arduino-sketch-1C934003A53569F488A841265C42452E/core/core.a(USBCore.cpp.o)
 .debug_loc     0x000060e2      0xa43 /tmp/arduino-sketch-1C934003A53569F488A841265C42452E/core/core.a(Uart.cpp.o)
 .debug_loc     0x00006b25       0x42 /tmp/arduino-sketch-1C934003A53569F488A841265C42452E/core/core.a(new.cpp.o)

.debug_aranges  0x00000000      0x9b8
 .debug_aranges
                0x00000000       0x30 /tmp/arduino-sketch-1C934003A53569F488A841265C42452E/sketch/tt485.ino.cpp.o
 .debug_aranges
                0x00000030       0xb0 /tmp/arduino-sketch-1C934003A53569F488A841265C42452E/libraries/ArduinoRS485/RS485.cpp.o
 .debug_aranges
                0x000000e0       0x30 /tmp/arduino-sketch-1C934003A53569F488A841265C42452E/core/variant.cpp.o
 .debug_aranges
                0x00000110       0x40 /tmp/arduino-sketch-1C934003A53569F488A841265C42452E/core/core.a(cortex_handlers.c.o)
 .debug_aranges
                0x00000150       0x40 /tmp/arduino-sketch-1C934003A53569F488A841265C42452E/core/core.a(delay.c.o)
 .debug_aranges
                0x00000190       0x30 /tmp/arduino-sketch-1C934003A53569F488A841265C42452E/core/core.a(hooks.c.o)
 .debug_aranges
                0x000001c0       0x20 /tmp/arduino-sketch-1C934003A53569F488A841265C42452E/core/core.a(startup.c.o)
 .debug_aranges
                0x000001e0       0x20 /tmp/arduino-sketch-1C934003A53569F488A841265C42452E/core/core.a(wiring.c.o)
 .debug_aranges
                0x00000200       0x48 /tmp/arduino-sketch-1C934003A53569F488A841265C42452E/core/core.a(wiring_analog.c.o)
 .debug_aranges
                0x00000248       0x30 /tmp/arduino-sketch-1C934003A53569F488A841265C42452E/core/core.a(wiring_digital.c.o)
 .debug_aranges
                0x00000278       0x20 /tmp/arduino-sketch-1C934003A53569F488A841265C42452E/core/core.a(wiring_private.c.o)
 .debug_aranges
                0x00000298      0x108 /tmp/arduino-sketch-1C934003A53569F488A841265C42452E/core/core.a(Print.cpp.o)
 .debug_aranges
                0x000003a0       0x38 /tmp/arduino-sketch-1C934003A53569F488A841265C42452E/core/core.a(Reset.cpp.o)
 .debug_aranges
                0x000003d8      0x1f0 /tmp/arduino-sketch-1C934003A53569F488A841265C42452E/core/core.a(SERCOM.cpp.o)
 .debug_aranges
                0x000005c8      0x120 /tmp/arduino-sketch-1C934003A53569F488A841265C42452E/core/core.a(CDC.cpp.o)
 .debug_aranges
                0x000006e8       0x58 /tmp/arduino-sketch-1C934003A53569F488A841265C42452E/core/core.a(PluggableUSB.cpp.o)
 .debug_aranges
                0x00000740      0x178 /tmp/arduino-sketch-1C934003A53569F488A841265C42452E/core/core.a(USBCore.cpp.o)
 .debug_aranges
                0x000008b8       0xb0 /tmp/arduino-sketch-1C934003A53569F488A841265C42452E/core/core.a(Uart.cpp.o)
 .debug_aranges
                0x00000968       0x28 /tmp/arduino-sketch-1C934003A53569F488A841265C42452E/core/core.a(main.cpp.o)
 .debug_aranges
                0x00000990       0x28 /tmp/arduino-sketch-1C934003A53569F488A841265C42452E/core/core.a(new.cpp.o)

.debug_ranges   0x00000000     0x1440
 .debug_ranges  0x00000000       0x50 /tmp/arduino-sketch-1C934003A53569F488A841265C42452E/sketch/tt485.ino.cpp.o
 .debug_ranges  0x00000050      0x110 /tmp/arduino-sketch-1C934003A53569F488A841265C42452E/libraries/ArduinoRS485/RS485.cpp.o
 .debug_ranges  0x00000160       0x20 /tmp/arduino-sketch-1C934003A53569F488A841265C42452E/core/variant.cpp.o
 .debug_ranges  0x00000180       0x30 /tmp/arduino-sketch-1C934003A53569F488A841265C42452E/core/core.a(cortex_handlers.c.o)
 .debug_ranges  0x000001b0       0x30 /tmp/arduino-sketch-1C934003A53569F488A841265C42452E/core/core.a(delay.c.o)
 .debug_ranges  0x000001e0       0x20 /tmp/arduino-sketch-1C934003A53569F488A841265C42452E/core/core.a(hooks.c.o)
 .debug_ranges  0x00000200       0x10 /tmp/arduino-sketch-1C934003A53569F488A841265C42452E/core/core.a(startup.c.o)
 .debug_ranges  0x00000210       0x28 /tmp/arduino-sketch-1C934003A53569F488A841265C42452E/core/core.a(wiring.c.o)
 .debug_ranges  0x00000238       0x98 /tmp/arduino-sketch-1C934003A53569F488A841265C42452E/core/core.a(wiring_analog.c.o)
 .debug_ranges  0x000002d0       0x20 /tmp/arduino-sketch-1C934003A53569F488A841265C42452E/core/core.a(wiring_digital.c.o)
 .debug_ranges  0x000002f0       0x30 /tmp/arduino-sketch-1C934003A53569F488A841265C42452E/core/core.a(wiring_private.c.o)
 .debug_ranges  0x00000320      0x168 /tmp/arduino-sketch-1C934003A53569F488A841265C42452E/core/core.a(Print.cpp.o)
 .debug_ranges  0x00000488       0x40 /tmp/arduino-sketch-1C934003A53569F488A841265C42452E/core/core.a(Reset.cpp.o)
 .debug_ranges  0x000004c8      0x2a0 /tmp/arduino-sketch-1C934003A53569F488A841265C42452E/core/core.a(SERCOM.cpp.o)
 .debug_ranges  0x00000768      0x1b0 /tmp/arduino-sketch-1C934003A53569F488A841265C42452E/core/core.a(CDC.cpp.o)
 .debug_ranges  0x00000918       0x60 /tmp/arduino-sketch-1C934003A53569F488A841265C42452E/core/core.a(PluggableUSB.cpp.o)
 .debug_ranges  0x00000978      0x8e8 /tmp/arduino-sketch-1C934003A53569F488A841265C42452E/core/core.a(USBCore.cpp.o)
 .debug_ranges  0x00001260      0x1b0 /tmp/arduino-sketch-1C934003A53569F488A841265C42452E/core/core.a(Uart.cpp.o)
 .debug_ranges  0x00001410       0x18 /tmp/arduino-sketch-1C934003A53569F488A841265C42452E/core/core.a(main.cpp.o)
 .debug_ranges  0x00001428       0x18 /tmp/arduino-sketch-1C934003A53569F488A841265C42452E/core/core.a(new.cpp.o)

.debug_line     0x00000000     0x8546
 .debug_line    0x00000000      0x6a7 /tmp/arduino-sketch-1C934003A53569F488A841265C42452E/sketch/tt485.ino.cpp.o
 .debug_line    0x000006a7      0x846 /tmp/arduino-sketch-1C934003A53569F488A841265C42452E/libraries/ArduinoRS485/RS485.cpp.o
 .debug_line    0x00000eed      0x562 /tmp/arduino-sketch-1C934003A53569F488A841265C42452E/core/variant.cpp.o
 .debug_line    0x0000144f      0x35d /tmp/arduino-sketch-1C934003A53569F488A841265C42452E/core/core.a(cortex_handlers.c.o)
 .debug_line    0x000017ac      0x51d /tmp/arduino-sketch-1C934003A53569F488A841265C42452E/core/core.a(delay.c.o)
 .debug_line    0x00001cc9       0x9e /tmp/arduino-sketch-1C934003A53569F488A841265C42452E/core/core.a(hooks.c.o)
 .debug_line    0x00001d67      0x428 /tmp/arduino-sketch-1C934003A53569F488A841265C42452E/core/core.a(startup.c.o)
 .debug_line    0x0000218f      0x52f /tmp/arduino-sketch-1C934003A53569F488A841265C42452E/core/core.a(wiring.c.o)
 .debug_line    0x000026be      0x650 /tmp/arduino-sketch-1C934003A53569F488A841265C42452E/core/core.a(wiring_analog.c.o)
 .debug_line    0x00002d0e      0x48d /tmp/arduino-sketch-1C934003A53569F488A841265C42452E/core/core.a(wiring_digital.c.o)
 .debug_line    0x0000319b      0x487 /tmp/arduino-sketch-1C934003A53569F488A841265C42452E/core/core.a(wiring_private.c.o)
 .debug_line    0x00003622      0x900 /tmp/arduino-sketch-1C934003A53569F488A841265C42452E/core/core.a(Print.cpp.o)
 .debug_line    0x00003f22      0x6b7 /tmp/arduino-sketch-1C934003A53569F488A841265C42452E/core/core.a(Reset.cpp.o)
 .debug_line    0x000045d9      0xc03 /tmp/arduino-sketch-1C934003A53569F488A841265C42452E/core/core.a(SERCOM.cpp.o)
 .debug_line    0x000051dc      0x9e3 /tmp/arduino-sketch-1C934003A53569F488A841265C42452E/core/core.a(CDC.cpp.o)
 .debug_line    0x00005bbf      0x537 /tmp/arduino-sketch-1C934003A53569F488A841265C42452E/core/core.a(PluggableUSB.cpp.o)
 .debug_line    0x000060f6     0x11eb /tmp/arduino-sketch-1C934003A53569F488A841265C42452E/core/core.a(USBCore.cpp.o)
 .debug_line    0x000072e1      0x948 /tmp/arduino-sketch-1C934003A53569F488A841265C42452E/core/core.a(Uart.cpp.o)
 .debug_line    0x00007c29      0x60e /tmp/arduino-sketch-1C934003A53569F488A841265C42452E/core/core.a(main.cpp.o)
 .debug_line    0x00008237      0x30f /tmp/arduino-sketch-1C934003A53569F488A841265C42452E/core/core.a(new.cpp.o)

.debug_str      0x00000000     0x9da8
 .debug_str     0x00000000     0x2dd7 /tmp/arduino-sketch-1C934003A53569F488A841265C42452E/sketch/tt485.ino.cpp.o
                               0x3632 (size before relaxing)
 .debug_str     0x00002dd7     0x124b /tmp/arduino-sketch-1C934003A53569F488A841265C42452E/libraries/ArduinoRS485/RS485.cpp.o
                               0x47d9 (size before relaxing)
 .debug_str     0x00004022      0x8bf /tmp/arduino-sketch-1C934003A53569F488A841265C42452E/core/variant.cpp.o
                               0x3570 (size before relaxing)
 .debug_str     0x000048e1      0x4ad /tmp/arduino-sketch-1C934003A53569F488A841265C42452E/core/core.a(cortex_handlers.c.o)
                                0xf72 (size before relaxing)
 .debug_str     0x00004d8e       0xef /tmp/arduino-sketch-1C934003A53569F488A841265C42452E/core/core.a(delay.c.o)
                                0xe86 (size before relaxing)
 .debug_str     0x00004e7d       0x66 /tmp/arduino-sketch-1C934003A53569F488A841265C42452E/core/core.a(hooks.c.o)
                                0x141 (size before relaxing)
 .debug_str     0x00004ee3      0x850 /tmp/arduino-sketch-1C934003A53569F488A841265C42452E/core/core.a(startup.c.o)
                               0x16af (size before relaxing)
 .debug_str     0x00005733      0x35d /tmp/arduino-sketch-1C934003A53569F488A841265C42452E/core/core.a(wiring.c.o)
                               0x1751 (size before relaxing)
 .debug_str     0x00005a90      0x169 /tmp/arduino-sketch-1C934003A53569F488A841265C42452E/core/core.a(wiring_analog.c.o)
                               0x1baa (size before relaxing)
 .debug_str     0x00005bf9       0xfe /tmp/arduino-sketch-1C934003A53569F488A841265C42452E/core/core.a(wiring_digital.c.o)
                                0xf7a (size before relaxing)
 .debug_str     0x00005cf7       0x6a /tmp/arduino-sketch-1C934003A53569F488A841265C42452E/core/core.a(wiring_private.c.o)
                                0xf67 (size before relaxing)
 .debug_str     0x00005d61      0x3b6 /tmp/arduino-sketch-1C934003A53569F488A841265C42452E/core/core.a(Print.cpp.o)
                               0x43aa (size before relaxing)
 .debug_str     0x00006117      0x1a5 /tmp/arduino-sketch-1C934003A53569F488A841265C42452E/core/core.a(Reset.cpp.o)
                               0x36c7 (size before relaxing)
 .debug_str     0x000062bc      0x232 /tmp/arduino-sketch-1C934003A53569F488A841265C42452E/core/core.a(SERCOM.cpp.o)
                               0x38e2 (size before relaxing)
 .debug_str     0x000064ee     0x2a5b /tmp/arduino-sketch-1C934003A53569F488A841265C42452E/core/core.a(CDC.cpp.o)
                               0x72dc (size before relaxing)
 .debug_str     0x00008f49       0x92 /tmp/arduino-sketch-1C934003A53569F488A841265C42452E/core/core.a(PluggableUSB.cpp.o)
                               0x1191 (size before relaxing)
 .debug_str     0x00008fdb      0x940 /tmp/arduino-sketch-1C934003A53569F488A841265C42452E/core/core.a(USBCore.cpp.o)
                               0x6e5c (size before relaxing)
 .debug_str     0x0000991b      0x36c /tmp/arduino-sketch-1C934003A53569F488A841265C42452E/core/core.a(Uart.cpp.o)
                               0x4e23 (size before relaxing)
 .debug_str     0x00009c87       0xa2 /tmp/arduino-sketch-1C934003A53569F488A841265C42452E/core/core.a(main.cpp.o)
                               0x3473 (size before relaxing)
 .debug_str     0x00009d29       0x7f /tmp/arduino-sketch-1C934003A53569F488A841265C42452E/core/core.a(new.cpp.o)
                                0x792 (size before relaxing)

.debug_frame    0x00000000     0x1b90
 .debug_frame   0x00000000       0x60 /tmp/arduino-sketch-1C934003A53569F488A841265C42452E/sketch/tt485.ino.cpp.o
 .debug_frame   0x00000060      0x1c8 /tmp/arduino-sketch-1C934003A53569F488A841265C42452E/libraries/ArduinoRS485/RS485.cpp.o
 .debug_frame   0x00000228       0x54 /tmp/arduino-sketch-1C934003A53569F488A841265C42452E/core/variant.cpp.o
 .debug_frame   0x0000027c       0x7c /tmp/arduino-sketch-1C934003A53569F488A841265C42452E/core/core.a(cortex_handlers.c.o)
 .debug_frame   0x000002f8       0x88 /tmp/arduino-sketch-1C934003A53569F488A841265C42452E/core/core.a(delay.c.o)
 .debug_frame   0x00000380       0x40 /tmp/arduino-sketch-1C934003A53569F488A841265C42452E/core/core.a(hooks.c.o)
 .debug_frame   0x000003c0       0x2c /tmp/arduino-sketch-1C934003A53569F488A841265C42452E/core/core.a(startup.c.o)
 .debug_frame   0x000003ec       0x28 /tmp/arduino-sketch-1C934003A53569F488A841265C42452E/core/core.a(wiring.c.o)
 .debug_frame   0x00000414       0x90 /tmp/arduino-sketch-1C934003A53569F488A841265C42452E/core/core.a(wiring_analog.c.o)
 .debug_frame   0x000004a4       0x64 /tmp/arduino-sketch-1C934003A53569F488A841265C42452E/core/core.a(wiring_digital.c.o)
 .debug_frame   0x00000508       0x30 /tmp/arduino-sketch-1C934003A53569F488A841265C42452E/core/core.a(wiring_private.c.o)
 .debug_frame   0x00000538      0x334 /tmp/arduino-sketch-1C934003A53569F488A841265C42452E/core/core.a(Print.cpp.o)
 .debug_frame   0x0000086c       0x60 /tmp/arduino-sketch-1C934003A53569F488A841265C42452E/core/core.a(Reset.cpp.o)
 .debug_frame   0x000008cc      0x478 /tmp/arduino-sketch-1C934003A53569F488A841265C42452E/core/core.a(SERCOM.cpp.o)
 .debug_frame   0x00000d44      0x2ec /tmp/arduino-sketch-1C934003A53569F488A841265C42452E/core/core.a(CDC.cpp.o)
 .debug_frame   0x00001030       0xe4 /tmp/arduino-sketch-1C934003A53569F488A841265C42452E/core/core.a(PluggableUSB.cpp.o)
 .debug_frame   0x00001114      0x478 /tmp/arduino-sketch-1C934003A53569F488A841265C42452E/core/core.a(USBCore.cpp.o)
 .debug_frame   0x0000158c      0x1c4 /tmp/arduino-sketch-1C934003A53569F488A841265C42452E/core/core.a(Uart.cpp.o)
 .debug_frame   0x00001750       0x38 /tmp/arduino-sketch-1C934003A53569F488A841265C42452E/core/core.a(main.cpp.o)
 .debug_frame   0x00001788       0x70 /tmp/arduino-sketch-1C934003A53569F488A841265C42452E/core/core.a(new.cpp.o)